Archive member included because of file (symbol)

c:\program files\analog devices\gnu toolchain\2008r1.5\elf\bin\../bfin-elf/lib\libbffastfp.a(addfl64.o)
                              printf.o (__adddf3)
c:\program files\analog devices\gnu toolchain\2008r1.5\elf\bin\../bfin-elf/lib\libbffastfp.a(cmpfl64.o)
                              printf.o (__ltdf2)
c:\program files\analog devices\gnu toolchain\2008r1.5\elf\bin\../bfin-elf/lib\libbffastfp.a(f32tof64.o)
                              string.o (__extendsfdf2)
c:\program files\analog devices\gnu toolchain\2008r1.5\elf\bin\../bfin-elf/lib\libbffastfp.a(f64tof32.o)
                              string.o (__truncdfsf2)
c:\program files\analog devices\gnu toolchain\2008r1.5\elf\bin\../bfin-elf/lib\libbffastfp.a(f64toi32z.o)
                              printf.o (__fixdfsi)
c:\program files\analog devices\gnu toolchain\2008r1.5\elf\bin\../bfin-elf/lib\libbffastfp.a(fpmult.o)
                              string.o (__mulsf3)
c:\program files\analog devices\gnu toolchain\2008r1.5\elf\bin\../bfin-elf/lib\libbffastfp.a(i32tof64.o)
                              printf.o (__floatsidf)
c:\program files\analog devices\gnu toolchain\2008r1.5\elf\bin\../bfin-elf/lib\libbffastfp.a(mulfl64.o)
                              printf.o (__muldf3)
c:\program files\analog devices\gnu toolchain\2008r1.5\elf\bin\../bfin-elf/lib\libbffastfp.a(subfl64.o)
                              printf.o (__subdf3)

Allocating common symbols
Common symbol       size              file

_systemTimeBase     0x4               systemTime.o
imgWidth            0x4               srv.o
_slideBuffer        0x1e0             logic.o
j                   0x4               srv.o
_videoBufPointer    0x4               camera.o
Y2                  0x80              jpeg.o
blob_display_flag   0x4               srv.o
x_acc               0x4               srv.o
i                   0x4               srv.o
_imgHeigth          0x4               colors.o
blobcnt             0xfc              colors.o
segmentation_flag   0x4               srv.o
_invertFlag         0x4               camera.o
move_stop_time      0x4               srv.o
Temp                0x80              jpeg.o
Cqt                 0x40              jpeg.o
ymax                0x44              colors.o
blobx1              0xfc              colors.o
_bufferIndexer      0x4               logic.o
pwm2_init           0x4               srv.o
Y3                  0x80              jpeg.o
base                0x8               malloc.o
sonar_data          0x14              srv.o
_bufferBallCount    0xc               logic.o
y_acc0              0x4               srv.o
Y4                  0x80              jpeg.o
umax                0x44              colors.o
ICqt                0x80              jpeg.o
_dlist2             0xc               camera.o
_videoBuffer        0x20              camera.o
hist0               0x400             colors.o
heap_end            0x4               malloc.o
move_start_time     0x4               srv.o
_imgHead            0x7               camera.o
y_acc               0x4               srv.o
output_start        0x4               srv.o
hist1               0x400             colors.o
lcount              0x4               srv.o
pwm1_init           0x4               srv.o
image_size          0x4               srv.o
ILqt                0x80              jpeg.o
heap_start          0x4               malloc.o
pwm1_mode           0x4               srv.o
x_center            0x4               srv.o
blobix              0xfc              colors.o
edge_thresh         0x4               srv.o
horizon_detect_flag
                    0x4               srv.o
master              0x4               srv.o
bloby2              0xfc              colors.o
mean                0xc               colors.o
base_speed          0x4               srv.o
rspeed2             0x4               srv.o
lspeed              0x4               srv.o
vmax                0x44              colors.o
CR                  0x80              jpeg.o
overlay_flag        0x4               srv.o
lspeed2             0x4               srv.o
err1                0x4               srv.o
_dlist1             0xc               camera.o
cp                  0x4               srv.o
Lqt                 0x40              jpeg.o
_debugInfo          0x4               srv.o
output_end          0x4               srv.o
CB                  0x80              jpeg.o
pwm2_mode           0x4               srv.o
_processTime        0x4               srv.o
obstacle_detect_flag
                    0x4               srv.o
fdct_temp           0x80              jpeg.o
blob_display_num    0x4               srv.o
framecount          0x4               srv.o
_coreTimerCount     0x4               systemTime.o
_imgWidth           0x4               camera.o
vmin                0x44              colors.o
heap_ptr            0x4               malloc.o
bloby1              0xfc              colors.o
rcount              0x4               srv.o
x_acc0              0x4               srv.o
read_format         0x4               jpeg.o
edge_detect_flag    0x4               srv.o
encoder_flag        0x4               srv.o
imgHeight           0x4               srv.o
blobx2              0xfc              colors.o
move_time_mS        0x4               srv.o
y_center            0x4               srv.o
_imgHeader          0xb               srv.o
_qualityFactor      0x4               jpeg.o
xwd_init            0x4               srv.o
_imgHeight          0x4               camera.o
_slideBufferPointers
                    0xc               logic.o
ymin                0x44              colors.o
umin                0x44              colors.o
rspeed              0x4               srv.o
base_speed2         0x4               srv.o
frame_diff_flag     0x4               srv.o
ix                  0x4               srv.o
Y1                  0x80              jpeg.o
robot_moving        0x4               srv.o

Memory Configuration

Name             Origin             Length             Attributes
ram              0x00000000         0x02000000         xrw
l1code           0xffa00000         0x00010000         x
l1data_a         0xff800000         0x00008000         rw
l1data_b         0xff904000         0x00004000         rw
scratchpad       0xffb00000         0x00001000         rw
*default*        0x00000000         0xffffffff

Linker script and memory map


.sdram.text
 camera.o(.sdram.text)
 httpd.o(.sdram.text)
 i2c.o(.sdram.text)
 stm_m25p32.o(.sdram.text)
 printf.o(.sdram.text)
 *(.gnu.warning)

.l1code         0xffa00000     0x3b10
 crt0.o(.text)
 .text          0xffa00000      0x178 crt0.o
                0xffa000fc                idle_loop
                0xffa00000                start
 main.o(.text)
 .text          0xffa00178       0x5c main.o
                0xffa00178                initializeModules
                0xffa001c4                main
 math.o(.text)
 .text          0xffa001d4      0x200 math.o
                0xffa002a0                __umodsi3
                0xffa002d2                __divsi3
                0xffa001d4                __udivsi3
 malloc.o(.text)
 .text          0xffa003d4      0x1a4 malloc.o
                0xffa004b0                morecore
                0xffa00428                free
                0xffa003d4                init_heap
                0xffa00414                sbrk
                0xffa004f4                malloc
 srv.o(.text)
 .text          0xffa00578      0xa58 srv.o
                0xffa00828                process_i2c
                0xffa00798                srv_overlayOn
                0xffa00a3c                srv_sendRawYUV
                0xffa00ab8                srv_sendRawYUVVideo
                0xffa00af0                serial_out_flashbuffer
                0xffa00714                srv_relayOff
                0xffa00728                initPWM
                0xffa00b58                srv_sendFrame
                0xffa0071c                srv_relayOn
                0xffa00f90                srv_initVariables
                0xffa00818                show_stack_ptr
                0xffa00800                show_heap_ptr
                0xffa00a14                srv_changeImageQuality
                0xffa005a4                clear_sdram
                0xffa005cc                stack_remaining
                0xffa00678                setPWM
                0xffa0077c                srv_initPWM
                0xffa007b0                check_battery
                0xffa007d8                serial_out_version
                0xffa00f74                serial_out_time
                0xffa005d8                set_caption
                0xffa00578                reset_cpu
                0xffa00f0c                srv_grabProcessAndSendFrame
                0xffa00780                srv_overlayOff
 uart.o(.text)
 .text          0xffa00fd0      0x3a0 uart.o
                0xffa011c4                uart_uart1SendChar
                0xffa01008                uart_initUart0
                0xffa01190                uart0GetChar
                0xffa01150                uart0SendChars
                0xffa01238                uart_uart1GetCh
                0xffa01174                uart0GetCh
                0xffa011e8                uart_uart1SendString
                0xffa01124                uart0SendString
                0xffa01090                uart_initUart1
                0xffa010f4                uart0SendChar
                0xffa01214                uart_uart1SendChars
                0xffa0106c                uart0_CTS
                0xffa00fd0                waituntilNS
                0xffa011b4                uart0Signal
                0xffa01254                uart_uart1GetChar
                0xffa01288                printNumber
                0xffa01278                uart_uart1Signal
 colors.o(.text)
 .text          0xffa01370     0x157c colors.o
                0xffa026d8                colors_searchGolfBalls
                0xffa01384                colors_vpix
                0xffa021cc                colors_vscan
                0xffa01c38                colors_edgeDetect
                0xffa01b58                vfind
                0xffa01de4                svs_segcode
                0xffa013bc                colors_vblob
                0xffa0231c                addvect
                0xffa02558                markGolfBall
                0xffa02440                addbox
                0xffa02284                svs_segview
                0xffa02878                colors_init
                0xffa02500                setPixel
                0xffa01370                index
                0xffa01f64                colors_vhorizon
                0xffa01818                colors_vhist
                0xffa019a4                colors_segment
                0xffa02398                addline
                0xffa018e0                colors_vmean
 jpeg.o(.text)
 .text          0xffa028ec      0xddc jpeg.o
                0xffa034e4                DCT
                0xffa02ecc                close_bitstream
                0xffa034f8                encodeMCU
                0xffa02a14                huffman
                0xffa02f40                write_markers
                0xffa03160                initializeQuantizationTables
                0xffa03330                read_422_format
                0xffa028ec                initialization
                0xffa029f4                levelshift
                0xffa035f4                jpeg_encodeImage
                0xffa029c4                jpeg_setQualityFactor
                0xffa03260                quantization
                0xffa032b0                read_400_format
 r8x8dct.o(.text)
 .text          0xffa036c8       0xf0 r8x8dct.o
                0xffa036c8                _r8x8dct
 uart.o(.text)
 setjmp.o(.text)
 .text          0xffa037b8      0x184 setjmp.o
                0xffa037b8                longjmp
                0xffa03880                setjmp
 io.o(.text)
 .text          0xffa0393c      0x1d4 io.o
                0xffa03a48                io_LED2Set
                0xffa03a78                io_isPlaySwitchOn
                0xffa03a88                INTERRUPT_ballSensor
                0xffa03a58                io_LED2Clear
                0xffa03a68                io_LED2Toggle
                0xffa039bc                io_getBallSensorCount
                0xffa03a04                io_disableBallSensorInterrupt
                0xffa0393c                io_initPeriphery
                0xffa039e4                io_enableBallSensorInterrupt
                0xffa03a18                io_LED1Set
                0xffa03a28                io_LED1Clear
                0xffa03a38                io_LED1Toggle

.text           0x00000000     0x503c
 .text          0x00000000      0x598 camera.o
                0x00000184                camera_getImageHeader
                0x00000328                camera_reset
                0x000000d0                moveInvertedImage
                0x000002e8                camera_invertVideo
                0x000000a8                moveImage
                0x000002a8                camera_restoreVideo
                0x00000000                initializeHW
                0x00000168                camera_getFrameSize
                0x0000020c                camera_grabVideo
                0x00000120                camera_run
                0x00000144                camera_stop
                0x0000019c                camera_grabFrame
                0x000004d0                camera_setup
 .text          0x00000598     0x189c httpd.o
                0x000008e0                httpd_request
                0x00000598                clean_buffer
                0x00000784                adminBodyBuilder
                0x00000850                read_double_sector
 .text          0x00001e34      0x388 i2c.o
                0x00001e34                i2c_write
                0x00001fcc                i2c_read
                0x000020c4                i2c_slowRead
                0x00001f04                i2c_writeX
 .text          0x000021bc      0x4d4 stm_m25p32.o
                0x00002298                SetupSPI
                0x00002358                spi_read
                0x000023f0                Wait_For_WEL
                0x00002278                SPI_OFF
                0x00002458                WriteFlash
                0x000025c4                spi_write
                0x000021c8                spi_init_r
                0x00002548                EraseBlock
                0x000023b8                Wait_For_Status
                0x00002214                GetSectorNumber
                0x000024f4                WriteData
                0x000021bc                spi_init_f
                0x00002374                ReadStatusRegister
                0x00002424                SendSingleCommand
                0x000022c8                ReadData
                0x000021d4                Wait_For_SPIF
                0x0000223c                udelay
 .text          0x00002690      0x5d4 printf.o
                0x00002c2c                sprintf
                0x00002690                my_strlen
                0x000026b8                dbl2stri
                0x00002c48                printf
 .text          0x00002c64       0xd0 init.o
                0x00002c64                initcode
 .text          0x00002d34      0x12c logic.o
                0x00002d6c                directionCalc
                0x00002dc8                logic_traceBall
                0x00002d34                logic_init
 .text          0x00002e60      0x72c string.o
                0x00002e60                strcmp
                0x0000318c                atoi_b10
                0x000030ac                memcpy2
                0x000031a4                atof
                0x00002edc                strncpy
                0x00002f14                atoi
                0x00003090                memcpy
                0x000030d0                memset
                0x000033bc                strtoksafe
                0x00003124                ctoi
                0x00002ff8                itoa
                0x00003564                strdup
                0x00002fc0                reverse
                0x00003314                strpbrk
                0x00003544                getUnaligned32
                0x00003470                strnstr
                0x00002eb4                strchr
                0x00002ecc                strcpy
                0x0000334c                strtok
                0x00002e80                strncmp
                0x00003084                isdigit
                0x00002fa0                strlen
                0x0000313c                atoi_b16
                0x000030e4                memmove
                0x000034d4                strReplace
                0x00003420                strstr
 .text          0x0000358c      0x4f8 sdcard.o
                0x00003738                GetCardParams
                0x000035d0                CloseSD
                0x0000395c                ReadMultipleBlocks
                0x00003818                EraseBlocks
                0x000039f4                WriteMultipleBlocks
                0x0000358c                InitSD
                0x000036b4                GetToken
                0x00003870                WriteSector
                0x000036f0                CardInit
                0x000038f4                ReadSector
                0x00003630                SendCommand
                0x000035e0                WriteByte
 .text          0x00003a84       0xc8 motion.o
                0x00003b0c                motion_moveStraight
                0x00003a84                motion_moveXY
                0x00003ab8                motion_stop
                0x00003a90                sendMotion
                0x00003ac4                motion_moveSide
 .text          0x00003b4c      0x718 timer.o
                0x00003b58                timer_configureTimer
                0x00003e70                disableTimerInterrupt
                0x00004094                timer_enableTimer
                0x00003b4c                timer_init
                0x00003f14                timer_disableTimer
                0x00004198                INTERRUPT_timer
                0x00003ff0                enableTimerInterrupt
                0x00003cb4                timer_setTimerWidth
                0x00003d28                timer_configureTimerInterrupt
                0x00004170                timer_getTimerWidth
 .text          0x00004264       0x88 soccer.o
                0x00004270                doIdleTime
                0x00004264                soccer_init
                0x0000427c                soccer_run
 .text          0x000042ec      0x178 remoteControl.o
                0x000042ec                remoteControl_run
 .text          0x00004464      0x3ac systemTime.o
                0x00004464                initializeRTC
                0x00004510                INTERRUPT_coreTimer
                0x000046dc                systemTime_checkMainLoopDuration
                0x000045e8                systemTime_delayUS
                0x000045a8                systemTime_clearRTC
                0x000046cc                systemTime_getSystemTimeBase
                0x000047c0                systemTime_init
                0x000045b8                systemTime_delayMS
                0x000044ec                getCoreTimerValue
                0x00004484                initializeCoreTimer
                0x00004534                systemTime_readRTC
                0x00004658                systemTime_delayNS
 .text          0x00004810      0x2b0 c:\program files\analog devices\gnu toolchain\2008r1.5\elf\bin\../bfin-elf/lib\libbffastfp.a(addfl64.o)
                0x00004812                __adddf3_inregs
                0x00004810                __adddf3
 .text          0x00004ac0       0x80 c:\program files\analog devices\gnu toolchain\2008r1.5\elf\bin\../bfin-elf/lib\libbffastfp.a(cmpfl64.o)
                0x00004ac0                __ledf2
                0x00004ac0                __nedf2
                0x00004ac0                __gedf2
                0x00004ac0                __gtdf2
                0x00004ac0                __eqdf2
                0x00004ac0                __cmpdf2
                0x00004ac0                __ltdf2
 .text          0x00004b40       0x44 c:\program files\analog devices\gnu toolchain\2008r1.5\elf\bin\../bfin-elf/lib\libbffastfp.a(f32tof64.o)
                0x00004b40                __extendsfdf2
 .text          0x00004b84       0x80 c:\program files\analog devices\gnu toolchain\2008r1.5\elf\bin\../bfin-elf/lib\libbffastfp.a(f64tof32.o)
                0x00004b84                __truncdfsf2
 .text          0x00004c04       0x74 c:\program files\analog devices\gnu toolchain\2008r1.5\elf\bin\../bfin-elf/lib\libbffastfp.a(f64toi32z.o)
                0x00004c04                __fixdfsi
 .text          0x00004c78      0x130 c:\program files\analog devices\gnu toolchain\2008r1.5\elf\bin\../bfin-elf/lib\libbffastfp.a(fpmult.o)
                0x00004c78                __mulsf3
 .text          0x00004da8       0x3c c:\program files\analog devices\gnu toolchain\2008r1.5\elf\bin\../bfin-elf/lib\libbffastfp.a(i32tof64.o)
                0x00004da8                __floatsidf
 .text          0x00004de4      0x250 c:\program files\analog devices\gnu toolchain\2008r1.5\elf\bin\../bfin-elf/lib\libbffastfp.a(mulfl64.o)
                0x00004de4                __muldf3
 .text          0x00005034        0x8 c:\program files\analog devices\gnu toolchain\2008r1.5\elf\bin\../bfin-elf/lib\libbffastfp.a(subfl64.o)
                0x00005034                __subdf3

.l1data         0xff800000     0x2404
 *(.data)
 .data          0xff800000      0x610 camera.o
 .data          0xff800610     0x10a8 httpd.o
                0xff800610                adminHtml
 .data          0xff8016b8        0x0 i2c.o
 .data          0xff8016b8        0x0 stm_m25p32.o
 .data          0xff8016b8        0x0 printf.o
 .data          0xff8016b8        0x0 crt0.o
 .data          0xff8016b8        0x0 main.o
 .data          0xff8016b8        0x0 math.o
 .data          0xff8016b8        0x0 malloc.o
 .data          0xff8016b8      0x45c srv.o
                0xff801ac0                version_string
                0xff8016c0                font8x8
                0xff8016b8                fontmask
                0xff801af0                frame
                0xff801b10                rand_seed
 .data          0xff801b14        0x0 uart.o
 .data          0xff801b14        0x0 colors.o
 .data          0xff801b14      0x8f0 jpeg.o
                0xff802344                zigzag_table
                0xff801b6c                chrominance_dc_size_table
                0xff801e0c                chrominance_ac_code_table
                0xff801cc8                luminance_ac_size_table
                0xff801b84                luminance_ac_code_table
                0xff801b3c                luminance_dc_size_table
                0xff801b54                chrominance_dc_code_table
                0xff802384                luminance_quant_table
                0xff802194                markerdata
                0xff801b24                luminance_dc_code_table
                0xff801b14                fdct_coeff
                0xff8023c4                chrominance_quant_table
                0xff802094                bitsize
                0xff801f50                chrominance_ac_size_table
 .data          0xff802404        0x0 r8x8dct.o
 .data          0xff802404        0x0 setjmp.o
 .data          0xff802404        0x0 io.o
 .data          0xff802404        0x0 init.o
 .data          0xff802404        0x0 logic.o
 .data          0xff802404        0x0 string.o
 .data          0xff802404        0x0 sdcard.o
 .data          0xff802404        0x0 motion.o
 .data          0xff802404        0x0 timer.o
 .data          0xff802404        0x0 soccer.o
 .data          0xff802404        0x0 remoteControl.o
 .data          0xff802404        0x0 systemTime.o
 .data          0xff802404        0x0 c:\program files\analog devices\gnu toolchain\2008r1.5\elf\bin\../bfin-elf/lib\libbffastfp.a(addfl64.o)
 .data          0xff802404        0x0 c:\program files\analog devices\gnu toolchain\2008r1.5\elf\bin\../bfin-elf/lib\libbffastfp.a(cmpfl64.o)
 .data          0xff802404        0x0 c:\program files\analog devices\gnu toolchain\2008r1.5\elf\bin\../bfin-elf/lib\libbffastfp.a(f32tof64.o)
 .data          0xff802404        0x0 c:\program files\analog devices\gnu toolchain\2008r1.5\elf\bin\../bfin-elf/lib\libbffastfp.a(f64tof32.o)
 .data          0xff802404        0x0 c:\program files\analog devices\gnu toolchain\2008r1.5\elf\bin\../bfin-elf/lib\libbffastfp.a(f64toi32z.o)
 .data          0xff802404        0x0 c:\program files\analog devices\gnu toolchain\2008r1.5\elf\bin\../bfin-elf/lib\libbffastfp.a(fpmult.o)
 .data          0xff802404        0x0 c:\program files\analog devices\gnu toolchain\2008r1.5\elf\bin\../bfin-elf/lib\libbffastfp.a(i32tof64.o)
 .data          0xff802404        0x0 c:\program files\analog devices\gnu toolchain\2008r1.5\elf\bin\../bfin-elf/lib\libbffastfp.a(mulfl64.o)
 .data          0xff802404        0x0 c:\program files\analog devices\gnu toolchain\2008r1.5\elf\bin\../bfin-elf/lib\libbffastfp.a(subfl64.o)
 *(.l1data)
 *(.l1data.a)

.l1data.b
 *(.l1data.b)

.rodata         0xff802404      0xc0c
 *(.rodata .rodata.* .gnu.linkonce.r.*)
 .rodata.str1.4
                0xff802404       0x1f camera.o
                                 0x20 (size before relaxing)
 *fill*         0xff802423        0x1 00
 .rodata.str1.4
                0xff802424      0x481 httpd.o
                                0x494 (size before relaxing)
 *fill*         0xff8028a5        0x3 00
 .rodata        0xff8028a8      0x2a4 httpd.o
 .rodata.str1.4
                0xff802b4c        0x7 printf.o
                                  0x8 (size before relaxing)
 *fill*         0xff802b53        0x1 00
 .rodata        0xff802b54       0x84 printf.o
 .rodata.str1.4
                0xff802bd8      0x12a srv.o
                                0x134 (size before relaxing)
 *fill*         0xff802d02        0x2 00
 .rodata        0xff802d04       0xac srv.o
 .rodata        0xff802db0       0x10 uart.o
 .rodata        0xff802dc0       0xe0 timer.o
 .rodata.str1.4
                0x00000000      0x12a soccer.o
                                  0x4 (size before relaxing)
 .rodata.str1.4
                0xff802ea0       0x14 remoteControl.o
 .rodata        0xff802eb4      0x15c remoteControl.o

.data
 *(.data .data.* .gnu.linkonce.d.*)

.ctors
 *crtbegin*.o(.ctors)
 *(EXCLUDE_FILE(*crtend*.o) .ctors)
 *(SORT(.ctors.*))
 *(.ctors)

.dtors
 *crtbegin*.o(.dtors)
 *(EXCLUDE_FILE(*crtend*.o) .dtors)
 *(SORT(.dtors.*))
 *(.dtors)

.sdram.bss      0x0000503c        0x0
                0x0000503c                __sdram_bss_start = .
 *(.bss.sdram)
                0x0000503c                . = ALIGN (0x4)
                0x0000503c                __sdram_bss_end = .

.bss            0xff904000     0x1c10
                0xff904000                __bss_start = .
 *(.dynbss)
 *(.bss .bss.* .gnu.linkonce.b.*)
 .bss           0xff904000        0x0 camera.o
 .bss           0xff904000      0x280 httpd.o
 .bss           0xff904280        0x0 i2c.o
 .bss           0xff904280        0x0 stm_m25p32.o
 .bss           0xff904280       0x54 printf.o
 .bss           0xff9042d4        0x0 crt0.o
 .bss           0xff9042d4        0x0 main.o
 .bss           0xff9042d4        0x0 math.o
 .bss           0xff9042d4        0x4 malloc.o
                0xff9042d4                allocp
 .bss           0xff9042d8        0x8 srv.o
                0xff9042d8                sonar_flag
                0xff9042dc                uart1_flag
 .bss           0xff9042e0        0x0 uart.o
 .bss           0xff9042e0       0x50 colors.o
 .bss           0xff904330        0x8 jpeg.o
                0xff904330                lcode
                0xff904334                bitindex
 .bss           0xff904338        0x0 r8x8dct.o
 .bss           0xff904338        0x0 setjmp.o
 .bss           0xff904338        0x4 io.o
                0xff904338                _ballSensorCount
 .bss           0xff90433c        0x0 init.o
 .bss           0xff90433c       0x48 logic.o
 .bss           0xff904384        0x4 string.o
 .bss           0xff904388        0x0 sdcard.o
 .bss           0xff904388        0x0 motion.o
 .bss           0xff904388       0x20 timer.o
                0xff904388                _timerPwmWidths
 .bss           0xff9043a8        0x0 soccer.o
 .bss           0xff9043a8        0x0 remoteControl.o
 .bss           0xff9043a8        0xc systemTime.o
 .bss           0xff9043b4        0x0 c:\program files\analog devices\gnu toolchain\2008r1.5\elf\bin\../bfin-elf/lib\libbffastfp.a(addfl64.o)
 .bss           0xff9043b4        0x0 c:\program files\analog devices\gnu toolchain\2008r1.5\elf\bin\../bfin-elf/lib\libbffastfp.a(cmpfl64.o)
 .bss           0xff9043b4        0x0 c:\program files\analog devices\gnu toolchain\2008r1.5\elf\bin\../bfin-elf/lib\libbffastfp.a(f32tof64.o)
 .bss           0xff9043b4        0x0 c:\program files\analog devices\gnu toolchain\2008r1.5\elf\bin\../bfin-elf/lib\libbffastfp.a(f64tof32.o)
 .bss           0xff9043b4        0x0 c:\program files\analog devices\gnu toolchain\2008r1.5\elf\bin\../bfin-elf/lib\libbffastfp.a(f64toi32z.o)
 .bss           0xff9043b4        0x0 c:\program files\analog devices\gnu toolchain\2008r1.5\elf\bin\../bfin-elf/lib\libbffastfp.a(fpmult.o)
 .bss           0xff9043b4        0x0 c:\program files\analog devices\gnu toolchain\2008r1.5\elf\bin\../bfin-elf/lib\libbffastfp.a(i32tof64.o)
 .bss           0xff9043b4        0x0 c:\program files\analog devices\gnu toolchain\2008r1.5\elf\bin\../bfin-elf/lib\libbffastfp.a(mulfl64.o)
 .bss           0xff9043b4        0x0 c:\program files\analog devices\gnu toolchain\2008r1.5\elf\bin\../bfin-elf/lib\libbffastfp.a(subfl64.o)
 *(COMMON)
 COMMON         0xff9043b4       0x50 camera.o
                0xff9043b4                _videoBufPointer
                0xff9043b8                _invertFlag
                0xff9043bc                _dlist2
                0xff9043c8                _videoBuffer
                0xff9043e8                _imgHead
                0xff9043f0                _dlist1
                0xff9043fc                _imgWidth
                0xff904400                _imgHeight
 COMMON         0xff904404       0x14 malloc.o
                0xff904404                base
                0xff90440c                heap_end
                0xff904410                heap_start
                0xff904414                heap_ptr
 COMMON         0xff904418       0xdc srv.o
                0xff904418                imgWidth
                0xff90441c                j
                0xff904420                blob_display_flag
                0xff904424                x_acc
                0xff904428                i
                0xff90442c                segmentation_flag
                0xff904430                move_stop_time
                0xff904434                pwm2_init
                0xff904438                sonar_data
                0xff90444c                y_acc0
                0xff904450                move_start_time
                0xff904454                y_acc
                0xff904458                output_start
                0xff90445c                lcount
                0xff904460                pwm1_init
                0xff904464                image_size
                0xff904468                pwm1_mode
                0xff90446c                x_center
                0xff904470                edge_thresh
                0xff904474                horizon_detect_flag
                0xff904478                master
                0xff90447c                base_speed
                0xff904480                rspeed2
                0xff904484                lspeed
                0xff904488                overlay_flag
                0xff90448c                lspeed2
                0xff904490                err1
                0xff904494                cp
                0xff904498                _debugInfo
                0xff90449c                output_end
                0xff9044a0                pwm2_mode
                0xff9044a4                _processTime
                0xff9044a8                obstacle_detect_flag
                0xff9044ac                blob_display_num
                0xff9044b0                framecount
                0xff9044b4                rcount
                0xff9044b8                x_acc0
                0xff9044bc                edge_detect_flag
                0xff9044c0                encoder_flag
                0xff9044c4                imgHeight
                0xff9044c8                move_time_mS
                0xff9044cc                y_center
                0xff9044d0                _imgHeader
                0xff9044dc                xwd_init
                0xff9044e0                rspeed
                0xff9044e4                base_speed2
                0xff9044e8                frame_diff_flag
                0xff9044ec                ix
                0xff9044f0                robot_moving
 COMMON         0xff9044f4      0xf90 colors.o
                0xff9044f4                _imgHeigth
                0xff9044f8                blobcnt
                0xff9045f4                ymax
                0xff904638                blobx1
                0xff904734                umax
                0xff904778                hist0
                0xff904b78                hist1
                0xff904f78                blobix
                0xff905074                bloby2
                0xff905170                mean
                0xff90517c                vmax
                0xff9051c0                vmin
                0xff905204                bloby1
                0xff905300                blobx2
                0xff9053fc                ymin
                0xff905440                umin
 COMMON         0xff905484      0x588 jpeg.o
                0xff905484                Y2
                0xff905504                Temp
                0xff905584                Cqt
                0xff9055c4                Y3
                0xff905644                Y4
                0xff9056c4                ICqt
                0xff905744                ILqt
                0xff9057c4                CR
                0xff905844                Lqt
                0xff905884                CB
                0xff905904                fdct_temp
                0xff905984                read_format
                0xff905988                _qualityFactor
                0xff90598c                Y1
 COMMON         0xff905a0c      0x1fc logic.o
                0xff905a0c                _slideBuffer
                0xff905bec                _bufferIndexer
                0xff905bf0                _bufferBallCount
                0xff905bfc                _slideBufferPointers
 COMMON         0xff905c08        0x8 systemTime.o
                0xff905c08                _systemTimeBase
                0xff905c0c                _coreTimerCount
                0xff905c10                . = ALIGN (0x4)
                0xff905c10                __bss_end = .
                0xff903ffc                . = 0xff903ffc
                0xff903ffc                PROVIDE (_supervisor_stack, .)
LOAD main.o
LOAD init.o
LOAD srv.o
LOAD uart.o
LOAD camera.o
LOAD jpeg.o
LOAD i2c.o
LOAD stm_m25p32.o
LOAD httpd.o
LOAD logic.o
LOAD colors.o
LOAD malloc.o
LOAD string.o
LOAD printf.o
LOAD sdcard.o
LOAD motion.o
LOAD io.o
LOAD timer.o
LOAD soccer.o
LOAD remoteControl.o
LOAD systemTime.o
LOAD r8x8dct.o
LOAD math.o
LOAD setjmp.o
LOAD crt0.o
LOAD c:\program files\analog devices\gnu toolchain\2008r1.5\elf\bin\../bfin-elf/lib\libbffastfp.a
OUTPUT(srv1_115k.bin elf32-bfin)

.debug_abbrev   0x00000000     0x1a92
 .debug_abbrev  0x00000000      0x1d1 camera.o
 .debug_abbrev  0x000001d1      0x24d httpd.o
 .debug_abbrev  0x0000041e       0x8a i2c.o
 .debug_abbrev  0x000004a8      0x1d8 stm_m25p32.o
 .debug_abbrev  0x00000680      0x1d3 printf.o
 .debug_abbrev  0x00000853       0xae main.o
 .debug_abbrev  0x00000901      0x14c malloc.o
 .debug_abbrev  0x00000a4d      0x215 srv.o
 .debug_abbrev  0x00000c62      0x10f uart.o
 .debug_abbrev  0x00000d71      0x21f colors.o
 .debug_abbrev  0x00000f90      0x19b jpeg.o
 .debug_abbrev  0x0000112b       0xab io.o
 .debug_abbrev  0x000011d6       0x45 init.o
 .debug_abbrev  0x0000121b      0x10d logic.o
 .debug_abbrev  0x00001328      0x222 string.o
 .debug_abbrev  0x0000154a       0xf3 sdcard.o
 .debug_abbrev  0x0000163d       0xce motion.o
 .debug_abbrev  0x0000170b      0x150 timer.o
 .debug_abbrev  0x0000185b       0x9d soccer.o
 .debug_abbrev  0x000018f8       0x68 remoteControl.o
 .debug_abbrev  0x00001960      0x132 systemTime.o

.debug_info     0x00000000     0x61b7
 .debug_info    0x00000000      0x5ec camera.o
 .debug_info    0x000005ec      0xb7e httpd.o
 .debug_info    0x0000116a      0x1b5 i2c.o
 .debug_info    0x0000131f      0x604 stm_m25p32.o
 .debug_info    0x00001923      0x4de printf.o
 .debug_info    0x00001e01       0xe3 main.o
 .debug_info    0x00001ee4      0x23a malloc.o
 .debug_info    0x0000211e      0x98c srv.o
 .debug_info    0x00002aaa      0x3bd uart.o
 .debug_info    0x00002e67      0xf56 colors.o
 .debug_info    0x00003dbd      0xb25 jpeg.o
 .debug_info    0x000048e2      0x14d io.o
 .debug_info    0x00004a2f       0x64 init.o
 .debug_info    0x00004a93      0x249 logic.o
 .debug_info    0x00004cdc      0x8e9 string.o
 .debug_info    0x000055c5      0x391 sdcard.o
 .debug_info    0x00005956      0x1df motion.o
 .debug_info    0x00005b35      0x2e2 timer.o
 .debug_info    0x00005e17       0xea soccer.o
 .debug_info    0x00005f01       0x76 remoteControl.o
 .debug_info    0x00005f77      0x240 systemTime.o

.debug_line     0x00000000     0x1ea4
 .debug_line    0x00000000      0x16e camera.o
 .debug_line    0x0000016e      0x46e httpd.o
 .debug_line    0x000005dc       0xd2 i2c.o
 .debug_line    0x000006ae      0x1ac stm_m25p32.o
 .debug_line    0x0000085a      0x1a1 printf.o
 .debug_line    0x000009fb       0x5d main.o
 .debug_line    0x00000a58       0xa6 malloc.o
 .debug_line    0x00000afe      0x227 srv.o
 .debug_line    0x00000d25       0xeb uart.o
 .debug_line    0x00000e10      0x4b5 colors.o
 .debug_line    0x000012c5      0x323 jpeg.o
 .debug_line    0x000015e8       0x70 io.o
 .debug_line    0x00001658       0x53 init.o
 .debug_line    0x000016ab       0x8a logic.o
 .debug_line    0x00001735      0x1eb string.o
 .debug_line    0x00001920      0x10b sdcard.o
 .debug_line    0x00001a2b       0x76 motion.o
 .debug_line    0x00001aa1      0x232 timer.o
 .debug_line    0x00001cd3       0x63 soccer.o
 .debug_line    0x00001d36       0x9f remoteControl.o
 .debug_line    0x00001dd5       0xcf systemTime.o

.debug_frame    0x00000000     0x1950
 .debug_frame   0x00000000      0x164 camera.o
 .debug_frame   0x00000164       0xf8 httpd.o
 .debug_frame   0x0000025c       0x50 i2c.o
 .debug_frame   0x000002ac      0x214 stm_m25p32.o
 .debug_frame   0x000004c0      0x110 printf.o
 .debug_frame   0x000005d0       0x40 main.o
 .debug_frame   0x00000610       0x94 malloc.o
 .debug_frame   0x000006a4      0x264 srv.o
 .debug_frame   0x00000908      0x194 uart.o
 .debug_frame   0x00000a9c      0x318 colors.o
 .debug_frame   0x00000db4      0x1c4 jpeg.o
 .debug_frame   0x00000f78      0x15c io.o
 .debug_frame   0x000010d4       0xa4 init.o
 .debug_frame   0x00001178       0x4c logic.o
 .debug_frame   0x000011c4      0x268 string.o
 .debug_frame   0x0000142c      0x1a8 sdcard.o
 .debug_frame   0x000015d4       0x68 motion.o
 .debug_frame   0x0000163c      0x160 timer.o
 .debug_frame   0x0000179c       0x54 soccer.o
 .debug_frame   0x000017f0       0x30 remoteControl.o
 .debug_frame   0x00001820      0x130 systemTime.o

.debug_loc      0x00000000     0x89b3
 .debug_loc     0x00000000      0x389 camera.o
 .debug_loc     0x00000389     0x1814 httpd.o
 .debug_loc     0x00001b9d      0x2fc i2c.o
 .debug_loc     0x00001e99      0x89e stm_m25p32.o
 .debug_loc     0x00002737      0xaef printf.o
 .debug_loc     0x00003226       0x6e main.o
 .debug_loc     0x00003294      0x1e1 malloc.o
 .debug_loc     0x00003475      0x5bb srv.o
 .debug_loc     0x00003a30      0x578 uart.o
 .debug_loc     0x00003fa8     0x1605 colors.o
 .debug_loc     0x000055ad     0x1506 jpeg.o
 .debug_loc     0x00006ab3      0x135 io.o
 .debug_loc     0x00006be8      0x122 init.o
 .debug_loc     0x00006d0a      0x11d logic.o
 .debug_loc     0x00006e27      0xd8a string.o
 .debug_loc     0x00007bb1      0x6cb sdcard.o
 .debug_loc     0x0000827c       0xb6 motion.o
 .debug_loc     0x00008332      0x3b4 timer.o
 .debug_loc     0x000086e6       0x76 soccer.o
 .debug_loc     0x0000875c       0x61 remoteControl.o
 .debug_loc     0x000087bd      0x1f6 systemTime.o

.debug_pubnames
                0x00000000     0x16f3
 .debug_pubnames
                0x00000000      0x18b camera.o
 .debug_pubnames
                0x0000018b       0x6f httpd.o
 .debug_pubnames
                0x000001fa       0x4d i2c.o
 .debug_pubnames
                0x00000247      0x120 stm_m25p32.o
 .debug_pubnames
                0x00000367       0x44 printf.o
 .debug_pubnames
                0x000003ab       0x31 main.o
 .debug_pubnames
                0x000003dc       0x87 malloc.o
 .debug_pubnames
                0x00000463      0x505 srv.o
 .debug_pubnames
                0x00000968      0x156 uart.o
 .debug_pubnames
                0x00000abe      0x1f6 colors.o
 .debug_pubnames
                0x00000cb4      0x2fb jpeg.o
 .debug_pubnames
                0x00000faf      0x12c io.o
 .debug_pubnames
                0x000010db       0x1f init.o
 .debug_pubnames
                0x000010fa       0x99 logic.o
 .debug_pubnames
                0x00001193      0x144 string.o
 .debug_pubnames
                0x000012d7       0xd1 sdcard.o
 .debug_pubnames
                0x000013a8       0x6f motion.o
 .debug_pubnames
                0x00001417      0x114 timer.o
 .debug_pubnames
                0x0000152b       0x40 soccer.o
 .debug_pubnames
                0x0000156b       0x28 remoteControl.o
 .debug_pubnames
                0x00001593      0x160 systemTime.o

.debug_aranges  0x00000000      0x2a0
 .debug_aranges
                0x00000000       0x20 camera.o
 .debug_aranges
                0x00000020       0x20 httpd.o
 .debug_aranges
                0x00000040       0x20 i2c.o
 .debug_aranges
                0x00000060       0x20 stm_m25p32.o
 .debug_aranges
                0x00000080       0x20 printf.o
 .debug_aranges
                0x000000a0       0x20 main.o
 .debug_aranges
                0x000000c0       0x20 malloc.o
 .debug_aranges
                0x000000e0       0x20 srv.o
 .debug_aranges
                0x00000100       0x20 uart.o
 .debug_aranges
                0x00000120       0x20 colors.o
 .debug_aranges
                0x00000140       0x20 jpeg.o
 .debug_aranges
                0x00000160       0x20 io.o
 .debug_aranges
                0x00000180       0x20 init.o
 .debug_aranges
                0x000001a0       0x20 logic.o
 .debug_aranges
                0x000001c0       0x20 string.o
 .debug_aranges
                0x000001e0       0x20 sdcard.o
 .debug_aranges
                0x00000200       0x20 motion.o
 .debug_aranges
                0x00000220       0x20 timer.o
 .debug_aranges
                0x00000240       0x20 soccer.o
 .debug_aranges
                0x00000260       0x20 remoteControl.o
 .debug_aranges
                0x00000280       0x20 systemTime.o

.debug_str      0x00000000     0x1e64
 .debug_str     0x00000000      0x2bd camera.o
                                0x2dc (size before relaxing)
 .debug_str     0x000002bd      0x499 httpd.o
                                0x556 (size before relaxing)
 .debug_str     0x00000756       0x51 i2c.o
                                 0xcd (size before relaxing)
 .debug_str     0x000007a7      0x25c stm_m25p32.o
                                0x314 (size before relaxing)
 .debug_str     0x00000a03       0xd5 printf.o
                                0x160 (size before relaxing)
 .debug_str     0x00000ad8       0x2d main.o
                                 0xc3 (size before relaxing)
 .debug_str     0x00000b05       0x63 malloc.o
                                 0xd6 (size before relaxing)
 .debug_str     0x00000b68      0x335 srv.o
                                0x512 (size before relaxing)
 .debug_str     0x00000e9d      0x14c uart.o
                                0x1e0 (size before relaxing)
 .debug_str     0x00000fe9      0x22e colors.o
                                0x376 (size before relaxing)
 .debug_str     0x00001217      0x456 jpeg.o
                                0x533 (size before relaxing)
 .debug_str     0x0000166d       0xeb io.o
                                0x145 (size before relaxing)
 .debug_str     0x00001758       0x43 init.o
                                 0x8a (size before relaxing)
 .debug_str     0x0000179b       0xf1 logic.o
                                0x18b (size before relaxing)
 .debug_str     0x0000188c      0x138 string.o
                                0x1db (size before relaxing)
 .debug_str     0x000019c4       0xd9 sdcard.o
                                0x145 (size before relaxing)
 .debug_str     0x00001a9d       0xae motion.o
                                0x120 (size before relaxing)
 .debug_str     0x00001b4b      0x160 timer.o
                                0x209 (size before relaxing)
 .debug_str     0x00001cab       0x3d soccer.o
                                 0xc3 (size before relaxing)
 .debug_str     0x00001ce8       0x2e remoteControl.o
                                 0x83 (size before relaxing)
 .debug_str     0x00001d16      0x14e systemTime.o
                                0x1bb (size before relaxing)

.comment        0x00000000      0x24c
 .comment       0x00000000       0x1c camera.o
 .comment       0x0000001c       0x1c httpd.o
 .comment       0x00000038       0x1c i2c.o
 .comment       0x00000054       0x1c stm_m25p32.o
 .comment       0x00000070       0x1c printf.o
 .comment       0x0000008c       0x1c main.o
 .comment       0x000000a8       0x1c malloc.o
 .comment       0x000000c4       0x1c srv.o
 .comment       0x000000e0       0x1c uart.o
 .comment       0x000000fc       0x1c colors.o
 .comment       0x00000118       0x1c jpeg.o
 .comment       0x00000134       0x1c io.o
 .comment       0x00000150       0x1c init.o
 .comment       0x0000016c       0x1c logic.o
 .comment       0x00000188       0x1c string.o
 .comment       0x000001a4       0x1c sdcard.o
 .comment       0x000001c0       0x1c motion.o
 .comment       0x000001dc       0x1c timer.o
 .comment       0x000001f8       0x1c soccer.o
 .comment       0x00000214       0x1c remoteControl.o
 .comment       0x00000230       0x1c systemTime.o

.debug_ranges   0x00000000      0x300
 .debug_ranges  0x00000000      0x228 httpd.o
 .debug_ranges  0x00000228       0x28 printf.o
 .debug_ranges  0x00000250       0x38 init.o
 .debug_ranges  0x00000288       0x78 string.o
