Archive member included because of file (symbol)

c:\program files\analog devices\gnu toolchain\2008r1.5\elf\bin\../bfin-elf/lib\libbffastfp.a(addfl64.o)
                              printf.o (__adddf3)
c:\program files\analog devices\gnu toolchain\2008r1.5\elf\bin\../bfin-elf/lib\libbffastfp.a(cmpfl64.o)
                              printf.o (__ltdf2)
c:\program files\analog devices\gnu toolchain\2008r1.5\elf\bin\../bfin-elf/lib\libbffastfp.a(f32tof64.o)
                              string.o (__extendsfdf2)
c:\program files\analog devices\gnu toolchain\2008r1.5\elf\bin\../bfin-elf/lib\libbffastfp.a(f64tof32.o)
                              string.o (__truncdfsf2)
c:\program files\analog devices\gnu toolchain\2008r1.5\elf\bin\../bfin-elf/lib\libbffastfp.a(f64toi32z.o)
                              printf.o (__fixdfsi)
c:\program files\analog devices\gnu toolchain\2008r1.5\elf\bin\../bfin-elf/lib\libbffastfp.a(fpmult.o)
                              string.o (__mulsf3)
c:\program files\analog devices\gnu toolchain\2008r1.5\elf\bin\../bfin-elf/lib\libbffastfp.a(i32tof64.o)
                              printf.o (__floatsidf)
c:\program files\analog devices\gnu toolchain\2008r1.5\elf\bin\../bfin-elf/lib\libbffastfp.a(mulfl64.o)
                              printf.o (__muldf3)
c:\program files\analog devices\gnu toolchain\2008r1.5\elf\bin\../bfin-elf/lib\libbffastfp.a(subfl64.o)
                              printf.o (__subdf3)

Allocating common symbols
Common symbol       size              file

_systemTimeBase     0x4               systemTime.o
imgWidth            0x4               srv.o
_slideBuffer        0x1e0             soccer.o
j                   0x4               srv.o
_videoBufPointer    0x4               camera.o
Y2                  0x80              jpeg.o
blob_display_flag   0x4               srv.o
x_acc               0x4               srv.o
i                   0x4               srv.o
_imgHeigth          0x4               colors.o
blobcnt             0xfc              colors.o
segmentation_flag   0x4               srv.o
_invertFlag         0x4               camera.o
move_stop_time      0x4               srv.o
Temp                0x80              jpeg.o
Cqt                 0x40              jpeg.o
ymax                0x44              colors.o
blobx1              0xfc              colors.o
_bufferIndexer      0x4               soccer.o
pwm2_init           0x4               srv.o
Y3                  0x80              jpeg.o
base                0x8               malloc.o
sonar_data          0x14              srv.o
_bufferBallCount    0xc               soccer.o
y_acc0              0x4               srv.o
Y4                  0x80              jpeg.o
umax                0x44              colors.o
ICqt                0x80              jpeg.o
_dlist2             0xc               camera.o
_videoBuffer        0x20              camera.o
hist0               0x400             colors.o
heap_end            0x4               malloc.o
move_start_time     0x4               srv.o
_imgHead            0x7               camera.o
y_acc               0x4               srv.o
output_start        0x4               srv.o
hist1               0x400             colors.o
lcount              0x4               srv.o
pwm1_init           0x4               srv.o
image_size          0x4               srv.o
ILqt                0x80              jpeg.o
heap_start          0x4               malloc.o
pwm1_mode           0x4               srv.o
x_center            0x4               srv.o
blobix              0xfc              colors.o
edge_thresh         0x4               srv.o
horizon_detect_flag
                    0x4               srv.o
master              0x4               srv.o
bloby2              0xfc              colors.o
mean                0xc               colors.o
base_speed          0x4               srv.o
rspeed2             0x4               srv.o
lspeed              0x4               srv.o
vmax                0x44              colors.o
CR                  0x80              jpeg.o
overlay_flag        0x4               srv.o
lspeed2             0x4               srv.o
err1                0x4               srv.o
_dlist1             0xc               camera.o
cp                  0x4               srv.o
Lqt                 0x40              jpeg.o
_debugInfo          0x4               srv.o
output_end          0x4               srv.o
CB                  0x80              jpeg.o
pwm2_mode           0x4               srv.o
_processTime        0x4               srv.o
obstacle_detect_flag
                    0x4               srv.o
fdct_temp           0x80              jpeg.o
blob_display_num    0x4               srv.o
framecount          0x4               srv.o
_coreTimerCount     0x4               systemTime.o
_imgWidth           0x4               camera.o
vmin                0x44              colors.o
heap_ptr            0x4               malloc.o
bloby1              0xfc              colors.o
rcount              0x4               srv.o
x_acc0              0x4               srv.o
read_format         0x4               jpeg.o
edge_detect_flag    0x4               srv.o
encoder_flag        0x4               srv.o
imgHeight           0x4               srv.o
blobx2              0xfc              colors.o
move_time_mS        0x4               srv.o
y_center            0x4               srv.o
_imgHeader          0xb               srv.o
_qualityFactor      0x4               jpeg.o
xwd_init            0x4               srv.o
_imgHeight          0x4               camera.o
_slideBufferPointers
                    0xc               soccer.o
ymin                0x44              colors.o
umin                0x44              colors.o
rspeed              0x4               srv.o
base_speed2         0x4               srv.o
frame_diff_flag     0x4               srv.o
ix                  0x4               srv.o
Y1                  0x80              jpeg.o
robot_moving        0x4               srv.o

Memory Configuration

Name             Origin             Length             Attributes
ram              0x00000000         0x02000000         xrw
l1code           0xffa00000         0x00010000         x
l1data_a         0xff800000         0x00008000         rw
l1data_b         0xff904000         0x00004000         rw
scratchpad       0xffb00000         0x00001000         rw
*default*        0x00000000         0xffffffff

Linker script and memory map


.sdram.text
 camera.o(.sdram.text)
 httpd.o(.sdram.text)
 i2c.o(.sdram.text)
 stm_m25p32.o(.sdram.text)
 printf.o(.sdram.text)
 *(.gnu.warning)

.l1code         0xffa00000     0x3b10
 crt0.o(.text)
 .text          0xffa00000      0x178 crt0.o
                0xffa000fc                idle_loop
                0xffa00000                start
 main.o(.text)
 .text          0xffa00178       0x58 main.o
                0xffa00178                initializeModules
                0xffa001c0                main
 math.o(.text)
 .text          0xffa001d0      0x200 math.o
                0xffa0029c                __umodsi3
                0xffa002ce                __divsi3
                0xffa001d0                __udivsi3
 malloc.o(.text)
 .text          0xffa003d0      0x1a4 malloc.o
                0xffa004ac                morecore
                0xffa00424                free
                0xffa003d0                init_heap
                0xffa00410                sbrk
                0xffa004f0                malloc
 srv.o(.text)
 .text          0xffa00574      0xa58 srv.o
                0xffa00824                process_i2c
                0xffa00794                srv_overlayOn
                0xffa00a38                srv_sendRawYUV
                0xffa00ab4                srv_sendRawYUVVideo
                0xffa00aec                serial_out_flashbuffer
                0xffa00710                srv_relayOff
                0xffa00724                initPWM
                0xffa00b54                srv_sendFrame
                0xffa00718                srv_relayOn
                0xffa00f8c                srv_initVariables
                0xffa00814                show_stack_ptr
                0xffa007fc                show_heap_ptr
                0xffa00a10                srv_changeImageQuality
                0xffa005a0                clear_sdram
                0xffa005c8                stack_remaining
                0xffa00674                setPWM
                0xffa00778                srv_initPWM
                0xffa007ac                check_battery
                0xffa007d4                serial_out_version
                0xffa00f70                serial_out_time
                0xffa005d4                set_caption
                0xffa00574                reset_cpu
                0xffa00f08                srv_grabProcessAndSendFrame
                0xffa0077c                srv_overlayOff
 uart.o(.text)
 .text          0xffa00fcc      0x3a0 uart.o
                0xffa011c0                uart_uart1SendChar
                0xffa01004                uart_initUart0
                0xffa0118c                uart0GetChar
                0xffa0114c                uart0SendChars
                0xffa01234                uart_uart1GetCh
                0xffa01170                uart0GetCh
                0xffa011e4                uart_uart1SendString
                0xffa01120                uart0SendString
                0xffa0108c                uart_initUart1
                0xffa010f0                uart0SendChar
                0xffa01210                uart_uart1SendChars
                0xffa01068                uart0_CTS
                0xffa00fcc                waituntilNS
                0xffa011b0                uart0Signal
                0xffa01250                uart_uart1GetChar
                0xffa01284                printNumber
                0xffa01274                uart_uart1Signal
 colors.o(.text)
 .text          0xffa0136c     0x157c colors.o
                0xffa026d4                colors_searchGolfBalls
                0xffa01380                colors_vpix
                0xffa021c8                colors_vscan
                0xffa01c34                colors_edgeDetect
                0xffa01b54                vfind
                0xffa01de0                svs_segcode
                0xffa013b8                colors_vblob
                0xffa02318                addvect
                0xffa02554                markGolfBall
                0xffa0243c                addbox
                0xffa02280                svs_segview
                0xffa02874                colors_init
                0xffa024fc                setPixel
                0xffa0136c                index
                0xffa01f60                colors_vhorizon
                0xffa01814                colors_vhist
                0xffa019a0                colors_segment
                0xffa02394                addline
                0xffa018dc                colors_vmean
 jpeg.o(.text)
 .text          0xffa028e8      0xddc jpeg.o
                0xffa034e0                DCT
                0xffa02ec8                close_bitstream
                0xffa034f4                encodeMCU
                0xffa02a10                huffman
                0xffa02f3c                write_markers
                0xffa0315c                initializeQuantizationTables
                0xffa0332c                read_422_format
                0xffa028e8                initialization
                0xffa029f0                levelshift
                0xffa035f0                jpeg_encodeImage
                0xffa029c0                jpeg_setQualityFactor
                0xffa0325c                quantization
                0xffa032ac                read_400_format
 r8x8dct.o(.text)
 *fill*         0xffa036c4        0x4 00
 .text          0xffa036c8       0xf0 r8x8dct.o
                0xffa036c8                _r8x8dct
 uart.o(.text)
 setjmp.o(.text)
 .text          0xffa037b8      0x184 setjmp.o
                0xffa037b8                longjmp
                0xffa03880                setjmp
 io.o(.text)
 .text          0xffa0393c      0x1d4 io.o
                0xffa03a48                io_LED2Set
                0xffa03a78                io_isPlaySwitchOn
                0xffa03a88                INTERRUPT_ballSensor
                0xffa03a58                io_LED2Clear
                0xffa03a68                io_LED2Toggle
                0xffa039bc                io_getBallSensorCount
                0xffa03a04                io_disableBallSensorInterrupt
                0xffa0393c                io_initPeriphery
                0xffa039e4                io_enableBallSensorInterrupt
                0xffa03a18                io_LED1Set
                0xffa03a28                io_LED1Clear
                0xffa03a38                io_LED1Toggle

.text           0x00000000     0x4dc0
 .text          0x00000000      0x598 camera.o
                0x00000184                camera_getImageHeader
                0x00000328                camera_reset
                0x000000d0                moveInvertedImage
                0x000002e8                camera_invertVideo
                0x000000a8                moveImage
                0x000002a8                camera_restoreVideo
                0x00000000                initializeHW
                0x00000168                camera_getFrameSize
                0x0000020c                camera_grabVideo
                0x00000120                camera_run
                0x00000144                camera_stop
                0x0000019c                camera_grabFrame
                0x000004d0                camera_setup
 .text          0x00000598     0x189c httpd.o
                0x000008e0                httpd_request
                0x00000598                clean_buffer
                0x00000784                adminBodyBuilder
                0x00000850                read_double_sector
 .text          0x00001e34      0x388 i2c.o
                0x00001e34                i2c_write
                0x00001fcc                i2c_read
                0x000020c4                i2c_slowRead
                0x00001f04                i2c_writeX
 .text          0x000021bc      0x4d4 stm_m25p32.o
                0x00002298                SetupSPI
                0x00002358                spi_read
                0x000023f0                Wait_For_WEL
                0x00002278                SPI_OFF
                0x00002458                WriteFlash
                0x000025c4                spi_write
                0x000021c8                spi_init_r
                0x00002548                EraseBlock
                0x000023b8                Wait_For_Status
                0x00002214                GetSectorNumber
                0x000024f4                WriteData
                0x000021bc                spi_init_f
                0x00002374                ReadStatusRegister
                0x00002424                SendSingleCommand
                0x000022c8                ReadData
                0x000021d4                Wait_For_SPIF
                0x0000223c                udelay
 .text          0x00002690      0x5d4 printf.o
                0x00002c2c                sprintf
                0x00002690                my_strlen
                0x000026b8                dbl2stri
                0x00002c48                printf
 .text          0x00002c64       0xd0 init.o
                0x00002c64                initcode
 .text          0x00002d34      0x72c string.o
                0x00002d34                strcmp
                0x00003060                atoi_b10
                0x00002f80                memcpy2
                0x00003078                atof
                0x00002db0                strncpy
                0x00002de8                atoi
                0x00002f64                memcpy
                0x00002fa4                memset
                0x00003290                strtoksafe
                0x00002ff8                ctoi
                0x00002ecc                itoa
                0x00003438                strdup
                0x00002e94                reverse
                0x000031e8                strpbrk
                0x00003418                getUnaligned32
                0x00003344                strnstr
                0x00002d88                strchr
                0x00002da0                strcpy
                0x00003220                strtok
                0x00002d54                strncmp
                0x00002f58                isdigit
                0x00002e74                strlen
                0x00003010                atoi_b16
                0x00002fb8                memmove
                0x000033a8                strReplace
                0x000032f4                strstr
 .text          0x00003460      0x4f8 sdcard.o
                0x0000360c                GetCardParams
                0x000034a4                CloseSD
                0x00003830                ReadMultipleBlocks
                0x000036ec                EraseBlocks
                0x000038c8                WriteMultipleBlocks
                0x00003460                InitSD
                0x00003588                GetToken
                0x00003744                WriteSector
                0x000035c4                CardInit
                0x000037c8                ReadSector
                0x00003504                SendCommand
                0x000034b4                WriteByte
 .text          0x00003958       0xc8 motion.o
                0x000039e0                motion_moveStraight
                0x00003958                motion_moveXY
                0x0000398c                motion_stop
                0x00003964                sendMotion
                0x00003998                motion_moveSide
 .text          0x00003a20      0x5f4 timer.o
                0x00003a20                timer_configureTimer
                0x00003d48                timer_enableTimer
                0x00003d24                timer_init
                0x00003e5c                timer_disableTimer
                0x00003f70                INTERRUPT_timer
                0x00003b68                timer_setTimerWidth
                0x00003bdc                timer_configureTimerInterrupt
 .text          0x00004014       0x80 soccer.o
                0x00004058                doIdleTime
                0x00004014                soccer_init
                0x0000404c                makeDecision
                0x00004064                soccer_run
 .text          0x00004094      0x178 remoteControl.o
                0x00004094                remoteControl_run
 .text          0x0000420c      0x388 systemTime.o
                0x0000420c                initializeRTC
                0x000042b8                INTERRUPT_coreTimer
                0x00004484                systemTime_checkMainLoopDuration
                0x00004390                systemTime_delayUS
                0x00004350                systemTime_clearRTC
                0x00004474                systemTime_getSystemTimeBase
                0x00004568                systemTime_init
                0x00004360                systemTime_delayMS
                0x00004294                getCoreTimerValue
                0x0000422c                initializeCoreTimer
                0x000042dc                systemTime_readRTC
                0x00004400                systemTime_delayNS
 .text          0x00004594      0x2b0 c:\program files\analog devices\gnu toolchain\2008r1.5\elf\bin\../bfin-elf/lib\libbffastfp.a(addfl64.o)
                0x00004596                __adddf3_inregs
                0x00004594                __adddf3
 .text          0x00004844       0x80 c:\program files\analog devices\gnu toolchain\2008r1.5\elf\bin\../bfin-elf/lib\libbffastfp.a(cmpfl64.o)
                0x00004844                __ledf2
                0x00004844                __nedf2
                0x00004844                __gedf2
                0x00004844                __gtdf2
                0x00004844                __eqdf2
                0x00004844                __cmpdf2
                0x00004844                __ltdf2
 .text          0x000048c4       0x44 c:\program files\analog devices\gnu toolchain\2008r1.5\elf\bin\../bfin-elf/lib\libbffastfp.a(f32tof64.o)
                0x000048c4                __extendsfdf2
 .text          0x00004908       0x80 c:\program files\analog devices\gnu toolchain\2008r1.5\elf\bin\../bfin-elf/lib\libbffastfp.a(f64tof32.o)
                0x00004908                __truncdfsf2
 .text          0x00004988       0x74 c:\program files\analog devices\gnu toolchain\2008r1.5\elf\bin\../bfin-elf/lib\libbffastfp.a(f64toi32z.o)
                0x00004988                __fixdfsi
 .text          0x000049fc      0x130 c:\program files\analog devices\gnu toolchain\2008r1.5\elf\bin\../bfin-elf/lib\libbffastfp.a(fpmult.o)
                0x000049fc                __mulsf3
 .text          0x00004b2c       0x3c c:\program files\analog devices\gnu toolchain\2008r1.5\elf\bin\../bfin-elf/lib\libbffastfp.a(i32tof64.o)
                0x00004b2c                __floatsidf
 .text          0x00004b68      0x250 c:\program files\analog devices\gnu toolchain\2008r1.5\elf\bin\../bfin-elf/lib\libbffastfp.a(mulfl64.o)
                0x00004b68                __muldf3
 .text          0x00004db8        0x8 c:\program files\analog devices\gnu toolchain\2008r1.5\elf\bin\../bfin-elf/lib\libbffastfp.a(subfl64.o)
                0x00004db8                __subdf3

.l1data         0xff800000     0x2404
 *(.data)
 .data          0xff800000      0x610 camera.o
 .data          0xff800610     0x10a8 httpd.o
                0xff800610                adminHtml
 .data          0xff8016b8        0x0 i2c.o
 .data          0xff8016b8        0x0 stm_m25p32.o
 .data          0xff8016b8        0x0 printf.o
 .data          0xff8016b8        0x0 crt0.o
 .data          0xff8016b8        0x0 main.o
 .data          0xff8016b8        0x0 math.o
 .data          0xff8016b8        0x0 malloc.o
 .data          0xff8016b8      0x45c srv.o
                0xff801ac0                version_string
                0xff8016c0                font8x8
                0xff8016b8                fontmask
                0xff801af0                frame
                0xff801b10                rand_seed
 .data          0xff801b14        0x0 uart.o
 .data          0xff801b14        0x0 colors.o
 .data          0xff801b14      0x8f0 jpeg.o
                0xff802344                zigzag_table
                0xff801b6c                chrominance_dc_size_table
                0xff801e0c                chrominance_ac_code_table
                0xff801cc8                luminance_ac_size_table
                0xff801b84                luminance_ac_code_table
                0xff801b3c                luminance_dc_size_table
                0xff801b54                chrominance_dc_code_table
                0xff802384                luminance_quant_table
                0xff802194                markerdata
                0xff801b24                luminance_dc_code_table
                0xff801b14                fdct_coeff
                0xff8023c4                chrominance_quant_table
                0xff802094                bitsize
                0xff801f50                chrominance_ac_size_table
 .data          0xff802404        0x0 r8x8dct.o
 .data          0xff802404        0x0 setjmp.o
 .data          0xff802404        0x0 io.o
 .data          0xff802404        0x0 init.o
 .data          0xff802404        0x0 string.o
 .data          0xff802404        0x0 sdcard.o
 .data          0xff802404        0x0 motion.o
 .data          0xff802404        0x0 timer.o
 .data          0xff802404        0x0 soccer.o
 .data          0xff802404        0x0 remoteControl.o
 .data          0xff802404        0x0 systemTime.o
 .data          0xff802404        0x0 c:\program files\analog devices\gnu toolchain\2008r1.5\elf\bin\../bfin-elf/lib\libbffastfp.a(addfl64.o)
 .data          0xff802404        0x0 c:\program files\analog devices\gnu toolchain\2008r1.5\elf\bin\../bfin-elf/lib\libbffastfp.a(cmpfl64.o)
 .data          0xff802404        0x0 c:\program files\analog devices\gnu toolchain\2008r1.5\elf\bin\../bfin-elf/lib\libbffastfp.a(f32tof64.o)
 .data          0xff802404        0x0 c:\program files\analog devices\gnu toolchain\2008r1.5\elf\bin\../bfin-elf/lib\libbffastfp.a(f64tof32.o)
 .data          0xff802404        0x0 c:\program files\analog devices\gnu toolchain\2008r1.5\elf\bin\../bfin-elf/lib\libbffastfp.a(f64toi32z.o)
 .data          0xff802404        0x0 c:\program files\analog devices\gnu toolchain\2008r1.5\elf\bin\../bfin-elf/lib\libbffastfp.a(fpmult.o)
 .data          0xff802404        0x0 c:\program files\analog devices\gnu toolchain\2008r1.5\elf\bin\../bfin-elf/lib\libbffastfp.a(i32tof64.o)
 .data          0xff802404        0x0 c:\program files\analog devices\gnu toolchain\2008r1.5\elf\bin\../bfin-elf/lib\libbffastfp.a(mulfl64.o)
 .data          0xff802404        0x0 c:\program files\analog devices\gnu toolchain\2008r1.5\elf\bin\../bfin-elf/lib\libbffastfp.a(subfl64.o)
 *(.l1data)
 *(.l1data.a)

.l1data.b
 *(.l1data.b)

.rodata         0xff802404      0xbcc
 *(.rodata .rodata.* .gnu.linkonce.r.*)
 .rodata.str1.4
                0xff802404       0x1f camera.o
                                 0x20 (size before relaxing)
 *fill*         0xff802423        0x1 00
 .rodata.str1.4
                0xff802424      0x481 httpd.o
                                0x494 (size before relaxing)
 *fill*         0xff8028a5        0x3 00
 .rodata        0xff8028a8      0x2a4 httpd.o
 .rodata.str1.4
                0xff802b4c        0x7 printf.o
                                  0x8 (size before relaxing)
 *fill*         0xff802b53        0x1 00
 .rodata        0xff802b54       0x84 printf.o
 .rodata.str1.4
                0xff802bd8      0x12a srv.o
                                0x134 (size before relaxing)
 *fill*         0xff802d02        0x2 00
 .rodata        0xff802d04       0xac srv.o
 .rodata        0xff802db0       0x10 uart.o
 .rodata        0xff802dc0       0xa0 timer.o
 .rodata.str1.4
                0xff802e60       0x14 remoteControl.o
 .rodata        0xff802e74      0x15c remoteControl.o

.data
 *(.data .data.* .gnu.linkonce.d.*)

.ctors
 *crtbegin*.o(.ctors)
 *(EXCLUDE_FILE(*crtend*.o) .ctors)
 *(SORT(.ctors.*))
 *(.ctors)

.dtors
 *crtbegin*.o(.dtors)
 *(EXCLUDE_FILE(*crtend*.o) .dtors)
 *(SORT(.dtors.*))
 *(.dtors)

.sdram.bss      0x00004dc0        0x0
                0x00004dc0                __sdram_bss_start = .
 *(.bss.sdram)
                0x00004dc0                . = ALIGN (0x4)
                0x00004dc0                __sdram_bss_end = .

.bss            0xff904000     0x1ba8
                0xff904000                __bss_start = .
 *(.dynbss)
 *(.bss .bss.* .gnu.linkonce.b.*)
 .bss           0xff904000        0x0 camera.o
 .bss           0xff904000      0x280 httpd.o
 .bss           0xff904280        0x0 i2c.o
 .bss           0xff904280        0x0 stm_m25p32.o
 .bss           0xff904280       0x54 printf.o
 .bss           0xff9042d4        0x0 crt0.o
 .bss           0xff9042d4        0x0 main.o
 .bss           0xff9042d4        0x0 math.o
 .bss           0xff9042d4        0x4 malloc.o
                0xff9042d4                allocp
 .bss           0xff9042d8        0x8 srv.o
                0xff9042d8                sonar_flag
                0xff9042dc                uart1_flag
 .bss           0xff9042e0        0x0 uart.o
 .bss           0xff9042e0       0x50 colors.o
 .bss           0xff904330        0x8 jpeg.o
                0xff904330                lcode
                0xff904334                bitindex
 .bss           0xff904338        0x0 r8x8dct.o
 .bss           0xff904338        0x0 setjmp.o
 .bss           0xff904338        0x4 io.o
                0xff904338                _ballSensorCount
 .bss           0xff90433c        0x0 init.o
 .bss           0xff90433c        0x4 string.o
 .bss           0xff904340        0x0 sdcard.o
 .bss           0xff904340        0x0 motion.o
 .bss           0xff904340        0x0 timer.o
 .bss           0xff904340        0x0 soccer.o
 .bss           0xff904340        0x0 remoteControl.o
 .bss           0xff904340        0xc systemTime.o
 .bss           0xff90434c        0x0 c:\program files\analog devices\gnu toolchain\2008r1.5\elf\bin\../bfin-elf/lib\libbffastfp.a(addfl64.o)
 .bss           0xff90434c        0x0 c:\program files\analog devices\gnu toolchain\2008r1.5\elf\bin\../bfin-elf/lib\libbffastfp.a(cmpfl64.o)
 .bss           0xff90434c        0x0 c:\program files\analog devices\gnu toolchain\2008r1.5\elf\bin\../bfin-elf/lib\libbffastfp.a(f32tof64.o)
 .bss           0xff90434c        0x0 c:\program files\analog devices\gnu toolchain\2008r1.5\elf\bin\../bfin-elf/lib\libbffastfp.a(f64tof32.o)
 .bss           0xff90434c        0x0 c:\program files\analog devices\gnu toolchain\2008r1.5\elf\bin\../bfin-elf/lib\libbffastfp.a(f64toi32z.o)
 .bss           0xff90434c        0x0 c:\program files\analog devices\gnu toolchain\2008r1.5\elf\bin\../bfin-elf/lib\libbffastfp.a(fpmult.o)
 .bss           0xff90434c        0x0 c:\program files\analog devices\gnu toolchain\2008r1.5\elf\bin\../bfin-elf/lib\libbffastfp.a(i32tof64.o)
 .bss           0xff90434c        0x0 c:\program files\analog devices\gnu toolchain\2008r1.5\elf\bin\../bfin-elf/lib\libbffastfp.a(mulfl64.o)
 .bss           0xff90434c        0x0 c:\program files\analog devices\gnu toolchain\2008r1.5\elf\bin\../bfin-elf/lib\libbffastfp.a(subfl64.o)
 *(COMMON)
 COMMON         0xff90434c       0x50 camera.o
                0xff90434c                _videoBufPointer
                0xff904350                _invertFlag
                0xff904354                _dlist2
                0xff904360                _videoBuffer
                0xff904380                _imgHead
                0xff904388                _dlist1
                0xff904394                _imgWidth
                0xff904398                _imgHeight
 COMMON         0xff90439c       0x14 malloc.o
                0xff90439c                base
                0xff9043a4                heap_end
                0xff9043a8                heap_start
                0xff9043ac                heap_ptr
 COMMON         0xff9043b0       0xdc srv.o
                0xff9043b0                imgWidth
                0xff9043b4                j
                0xff9043b8                blob_display_flag
                0xff9043bc                x_acc
                0xff9043c0                i
                0xff9043c4                segmentation_flag
                0xff9043c8                move_stop_time
                0xff9043cc                pwm2_init
                0xff9043d0                sonar_data
                0xff9043e4                y_acc0
                0xff9043e8                move_start_time
                0xff9043ec                y_acc
                0xff9043f0                output_start
                0xff9043f4                lcount
                0xff9043f8                pwm1_init
                0xff9043fc                image_size
                0xff904400                pwm1_mode
                0xff904404                x_center
                0xff904408                edge_thresh
                0xff90440c                horizon_detect_flag
                0xff904410                master
                0xff904414                base_speed
                0xff904418                rspeed2
                0xff90441c                lspeed
                0xff904420                overlay_flag
                0xff904424                lspeed2
                0xff904428                err1
                0xff90442c                cp
                0xff904430                _debugInfo
                0xff904434                output_end
                0xff904438                pwm2_mode
                0xff90443c                _processTime
                0xff904440                obstacle_detect_flag
                0xff904444                blob_display_num
                0xff904448                framecount
                0xff90444c                rcount
                0xff904450                x_acc0
                0xff904454                edge_detect_flag
                0xff904458                encoder_flag
                0xff90445c                imgHeight
                0xff904460                move_time_mS
                0xff904464                y_center
                0xff904468                _imgHeader
                0xff904474                xwd_init
                0xff904478                rspeed
                0xff90447c                base_speed2
                0xff904480                frame_diff_flag
                0xff904484                ix
                0xff904488                robot_moving
 COMMON         0xff90448c      0xf90 colors.o
                0xff90448c                _imgHeigth
                0xff904490                blobcnt
                0xff90458c                ymax
                0xff9045d0                blobx1
                0xff9046cc                umax
                0xff904710                hist0
                0xff904b10                hist1
                0xff904f10                blobix
                0xff90500c                bloby2
                0xff905108                mean
                0xff905114                vmax
                0xff905158                vmin
                0xff90519c                bloby1
                0xff905298                blobx2
                0xff905394                ymin
                0xff9053d8                umin
 COMMON         0xff90541c      0x588 jpeg.o
                0xff90541c                Y2
                0xff90549c                Temp
                0xff90551c                Cqt
                0xff90555c                Y3
                0xff9055dc                Y4
                0xff90565c                ICqt
                0xff9056dc                ILqt
                0xff90575c                CR
                0xff9057dc                Lqt
                0xff90581c                CB
                0xff90589c                fdct_temp
                0xff90591c                read_format
                0xff905920                _qualityFactor
                0xff905924                Y1
 COMMON         0xff9059a4      0x1fc soccer.o
                0xff9059a4                _slideBuffer
                0xff905b84                _bufferIndexer
                0xff905b88                _bufferBallCount
                0xff905b94                _slideBufferPointers
 COMMON         0xff905ba0        0x8 systemTime.o
                0xff905ba0                _systemTimeBase
                0xff905ba4                _coreTimerCount
                0xff905ba8                . = ALIGN (0x4)
                0xff905ba8                __bss_end = .
                0xff903ffc                . = 0xff903ffc
                0xff903ffc                PROVIDE (_supervisor_stack, .)
LOAD main.o
LOAD init.o
LOAD srv.o
LOAD uart.o
LOAD camera.o
LOAD jpeg.o
LOAD i2c.o
LOAD stm_m25p32.o
LOAD httpd.o
LOAD colors.o
LOAD malloc.o
LOAD string.o
LOAD printf.o
LOAD sdcard.o
LOAD motion.o
LOAD io.o
LOAD timer.o
LOAD soccer.o
LOAD remoteControl.o
LOAD systemTime.o
LOAD r8x8dct.o
LOAD math.o
LOAD setjmp.o
LOAD crt0.o
LOAD c:\program files\analog devices\gnu toolchain\2008r1.5\elf\bin\../bfin-elf/lib\libbffastfp.a
OUTPUT(srv1_115k.bin elf32-bfin)

.debug_abbrev   0x00000000     0x1988
 .debug_abbrev  0x00000000      0x1d1 camera.o
 .debug_abbrev  0x000001d1      0x24d httpd.o
 .debug_abbrev  0x0000041e       0x8a i2c.o
 .debug_abbrev  0x000004a8      0x1d8 stm_m25p32.o
 .debug_abbrev  0x00000680      0x1d3 printf.o
 .debug_abbrev  0x00000853       0xae main.o
 .debug_abbrev  0x00000901      0x14c malloc.o
 .debug_abbrev  0x00000a4d      0x215 srv.o
 .debug_abbrev  0x00000c62      0x10f uart.o
 .debug_abbrev  0x00000d71      0x21f colors.o
 .debug_abbrev  0x00000f90      0x19b jpeg.o
 .debug_abbrev  0x0000112b       0xab io.o
 .debug_abbrev  0x000011d6       0x45 init.o
 .debug_abbrev  0x0000121b      0x222 string.o
 .debug_abbrev  0x0000143d       0xf3 sdcard.o
 .debug_abbrev  0x00001530       0xce motion.o
 .debug_abbrev  0x000015fe      0x112 timer.o
 .debug_abbrev  0x00001710       0xde soccer.o
 .debug_abbrev  0x000017ee       0x68 remoteControl.o
 .debug_abbrev  0x00001856      0x132 systemTime.o

.debug_info     0x00000000     0x5f39
 .debug_info    0x00000000      0x5ec camera.o
 .debug_info    0x000005ec      0xb7e httpd.o
 .debug_info    0x0000116a      0x1b5 i2c.o
 .debug_info    0x0000131f      0x604 stm_m25p32.o
 .debug_info    0x00001923      0x4de printf.o
 .debug_info    0x00001e01       0xe3 main.o
 .debug_info    0x00001ee4      0x23a malloc.o
 .debug_info    0x0000211e      0x98c srv.o
 .debug_info    0x00002aaa      0x3bd uart.o
 .debug_info    0x00002e67      0xf56 colors.o
 .debug_info    0x00003dbd      0xb25 jpeg.o
 .debug_info    0x000048e2      0x14d io.o
 .debug_info    0x00004a2f       0x64 init.o
 .debug_info    0x00004a93      0x8e9 string.o
 .debug_info    0x0000537c      0x391 sdcard.o
 .debug_info    0x0000570d      0x1df motion.o
 .debug_info    0x000058ec      0x222 timer.o
 .debug_info    0x00005b0e      0x175 soccer.o
 .debug_info    0x00005c83       0x76 remoteControl.o
 .debug_info    0x00005cf9      0x240 systemTime.o

.debug_line     0x00000000     0x1dd2
 .debug_line    0x00000000      0x16e camera.o
 .debug_line    0x0000016e      0x46e httpd.o
 .debug_line    0x000005dc       0xd2 i2c.o
 .debug_line    0x000006ae      0x1ac stm_m25p32.o
 .debug_line    0x0000085a      0x1a1 printf.o
 .debug_line    0x000009fb       0x5c main.o
 .debug_line    0x00000a57       0xa6 malloc.o
 .debug_line    0x00000afd      0x227 srv.o
 .debug_line    0x00000d24       0xeb uart.o
 .debug_line    0x00000e0f      0x4b5 colors.o
 .debug_line    0x000012c4      0x323 jpeg.o
 .debug_line    0x000015e7       0x70 io.o
 .debug_line    0x00001657       0x53 init.o
 .debug_line    0x000016aa      0x1eb string.o
 .debug_line    0x00001895      0x10b sdcard.o
 .debug_line    0x000019a0       0x76 motion.o
 .debug_line    0x00001a16      0x1f5 timer.o
 .debug_line    0x00001c0b       0x5e soccer.o
 .debug_line    0x00001c69       0x9f remoteControl.o
 .debug_line    0x00001d08       0xca systemTime.o

.debug_frame    0x00000000     0x18bc
 .debug_frame   0x00000000      0x164 camera.o
 .debug_frame   0x00000164       0xf8 httpd.o
 .debug_frame   0x0000025c       0x50 i2c.o
 .debug_frame   0x000002ac      0x214 stm_m25p32.o
 .debug_frame   0x000004c0      0x110 printf.o
 .debug_frame   0x000005d0       0x40 main.o
 .debug_frame   0x00000610       0x94 malloc.o
 .debug_frame   0x000006a4      0x264 srv.o
 .debug_frame   0x00000908      0x194 uart.o
 .debug_frame   0x00000a9c      0x318 colors.o
 .debug_frame   0x00000db4      0x1c4 jpeg.o
 .debug_frame   0x00000f78      0x15c io.o
 .debug_frame   0x000010d4       0xa4 init.o
 .debug_frame   0x00001178      0x268 string.o
 .debug_frame   0x000013e0      0x1a8 sdcard.o
 .debug_frame   0x00001588       0x68 motion.o
 .debug_frame   0x000015f0      0x114 timer.o
 .debug_frame   0x00001704       0x64 soccer.o
 .debug_frame   0x00001768       0x30 remoteControl.o
 .debug_frame   0x00001798      0x124 systemTime.o

.debug_loc      0x00000000     0x86e8
 .debug_loc     0x00000000      0x389 camera.o
 .debug_loc     0x00000389     0x1814 httpd.o
 .debug_loc     0x00001b9d      0x2fc i2c.o
 .debug_loc     0x00001e99      0x89e stm_m25p32.o
 .debug_loc     0x00002737      0xaef printf.o
 .debug_loc     0x00003226       0x6e main.o
 .debug_loc     0x00003294      0x1e1 malloc.o
 .debug_loc     0x00003475      0x5bb srv.o
 .debug_loc     0x00003a30      0x578 uart.o
 .debug_loc     0x00003fa8     0x1605 colors.o
 .debug_loc     0x000055ad     0x1506 jpeg.o
 .debug_loc     0x00006ab3      0x135 io.o
 .debug_loc     0x00006be8      0x122 init.o
 .debug_loc     0x00006d0a      0xd8a string.o
 .debug_loc     0x00007a94      0x6cb sdcard.o
 .debug_loc     0x0000815f       0xb6 motion.o
 .debug_loc     0x00008215      0x23f timer.o
 .debug_loc     0x00008454       0x55 soccer.o
 .debug_loc     0x000084a9       0x61 remoteControl.o
 .debug_loc     0x0000850a      0x1de systemTime.o

.debug_pubnames
                0x00000000     0x165e
 .debug_pubnames
                0x00000000      0x18b camera.o
 .debug_pubnames
                0x0000018b       0x6f httpd.o
 .debug_pubnames
                0x000001fa       0x4d i2c.o
 .debug_pubnames
                0x00000247      0x120 stm_m25p32.o
 .debug_pubnames
                0x00000367       0x44 printf.o
 .debug_pubnames
                0x000003ab       0x31 main.o
 .debug_pubnames
                0x000003dc       0x87 malloc.o
 .debug_pubnames
                0x00000463      0x505 srv.o
 .debug_pubnames
                0x00000968      0x156 uart.o
 .debug_pubnames
                0x00000abe      0x1f6 colors.o
 .debug_pubnames
                0x00000cb4      0x2fb jpeg.o
 .debug_pubnames
                0x00000faf      0x12c io.o
 .debug_pubnames
                0x000010db       0x1f init.o
 .debug_pubnames
                0x000010fa      0x144 string.o
 .debug_pubnames
                0x0000123e       0xd1 sdcard.o
 .debug_pubnames
                0x0000130f       0x6f motion.o
 .debug_pubnames
                0x0000137e       0xb5 timer.o
 .debug_pubnames
                0x00001433       0xa3 soccer.o
 .debug_pubnames
                0x000014d6       0x28 remoteControl.o
 .debug_pubnames
                0x000014fe      0x160 systemTime.o

.debug_aranges  0x00000000      0x280
 .debug_aranges
                0x00000000       0x20 camera.o
 .debug_aranges
                0x00000020       0x20 httpd.o
 .debug_aranges
                0x00000040       0x20 i2c.o
 .debug_aranges
                0x00000060       0x20 stm_m25p32.o
 .debug_aranges
                0x00000080       0x20 printf.o
 .debug_aranges
                0x000000a0       0x20 main.o
 .debug_aranges
                0x000000c0       0x20 malloc.o
 .debug_aranges
                0x000000e0       0x20 srv.o
 .debug_aranges
                0x00000100       0x20 uart.o
 .debug_aranges
                0x00000120       0x20 colors.o
 .debug_aranges
                0x00000140       0x20 jpeg.o
 .debug_aranges
                0x00000160       0x20 io.o
 .debug_aranges
                0x00000180       0x20 init.o
 .debug_aranges
                0x000001a0       0x20 string.o
 .debug_aranges
                0x000001c0       0x20 sdcard.o
 .debug_aranges
                0x000001e0       0x20 motion.o
 .debug_aranges
                0x00000200       0x20 timer.o
 .debug_aranges
                0x00000220       0x20 soccer.o
 .debug_aranges
                0x00000240       0x20 remoteControl.o
 .debug_aranges
                0x00000260       0x20 systemTime.o

.debug_str      0x00000000     0x1d6a
 .debug_str     0x00000000      0x2bd camera.o
                                0x2dc (size before relaxing)
 .debug_str     0x000002bd      0x499 httpd.o
                                0x556 (size before relaxing)
 .debug_str     0x00000756       0x51 i2c.o
                                 0xcd (size before relaxing)
 .debug_str     0x000007a7      0x25c stm_m25p32.o
                                0x314 (size before relaxing)
 .debug_str     0x00000a03       0xd5 printf.o
                                0x160 (size before relaxing)
 .debug_str     0x00000ad8       0x2d main.o
                                 0xc3 (size before relaxing)
 .debug_str     0x00000b05       0x63 malloc.o
                                 0xd6 (size before relaxing)
 .debug_str     0x00000b68      0x335 srv.o
                                0x512 (size before relaxing)
 .debug_str     0x00000e9d      0x14c uart.o
                                0x1e0 (size before relaxing)
 .debug_str     0x00000fe9      0x22e colors.o
                                0x376 (size before relaxing)
 .debug_str     0x00001217      0x456 jpeg.o
                                0x533 (size before relaxing)
 .debug_str     0x0000166d       0xeb io.o
                                0x145 (size before relaxing)
 .debug_str     0x00001758       0x43 init.o
                                 0x8a (size before relaxing)
 .debug_str     0x0000179b      0x138 string.o
                                0x1db (size before relaxing)
 .debug_str     0x000018d3       0xd9 sdcard.o
                                0x145 (size before relaxing)
 .debug_str     0x000019ac       0xae motion.o
                                0x120 (size before relaxing)
 .debug_str     0x00001a5a      0x111 timer.o
                                0x1ba (size before relaxing)
 .debug_str     0x00001b6b       0x83 soccer.o
                                0x111 (size before relaxing)
 .debug_str     0x00001bee       0x2e remoteControl.o
                                 0x83 (size before relaxing)
 .debug_str     0x00001c1c      0x14e systemTime.o
                                0x1bb (size before relaxing)

.comment        0x00000000      0x230
 .comment       0x00000000       0x1c camera.o
 .comment       0x0000001c       0x1c httpd.o
 .comment       0x00000038       0x1c i2c.o
 .comment       0x00000054       0x1c stm_m25p32.o
 .comment       0x00000070       0x1c printf.o
 .comment       0x0000008c       0x1c main.o
 .comment       0x000000a8       0x1c malloc.o
 .comment       0x000000c4       0x1c srv.o
 .comment       0x000000e0       0x1c uart.o
 .comment       0x000000fc       0x1c colors.o
 .comment       0x00000118       0x1c jpeg.o
 .comment       0x00000134       0x1c io.o
 .comment       0x00000150       0x1c init.o
 .comment       0x0000016c       0x1c string.o
 .comment       0x00000188       0x1c sdcard.o
 .comment       0x000001a4       0x1c motion.o
 .comment       0x000001c0       0x1c timer.o
 .comment       0x000001dc       0x1c soccer.o
 .comment       0x000001f8       0x1c remoteControl.o
 .comment       0x00000214       0x1c systemTime.o

.debug_ranges   0x00000000      0x320
 .debug_ranges  0x00000000      0x228 httpd.o
 .debug_ranges  0x00000228       0x28 printf.o
 .debug_ranges  0x00000250       0x38 init.o
 .debug_ranges  0x00000288       0x78 string.o
 .debug_ranges  0x00000300       0x20 timer.o
