Archive member included because of file (symbol)

c:\program files\analog devices\gnu toolchain\2008r1.5\elf\bin\../bfin-elf/lib\libbffastfp.a(addfl64.o)
                              printf.o (__adddf3)
c:\program files\analog devices\gnu toolchain\2008r1.5\elf\bin\../bfin-elf/lib\libbffastfp.a(cmpfl64.o)
                              printf.o (__ltdf2)
c:\program files\analog devices\gnu toolchain\2008r1.5\elf\bin\../bfin-elf/lib\libbffastfp.a(f32tof64.o)
                              string.o (__extendsfdf2)
c:\program files\analog devices\gnu toolchain\2008r1.5\elf\bin\../bfin-elf/lib\libbffastfp.a(f64tof32.o)
                              string.o (__truncdfsf2)
c:\program files\analog devices\gnu toolchain\2008r1.5\elf\bin\../bfin-elf/lib\libbffastfp.a(f64toi32z.o)
                              printf.o (__fixdfsi)
c:\program files\analog devices\gnu toolchain\2008r1.5\elf\bin\../bfin-elf/lib\libbffastfp.a(fpmult.o)
                              string.o (__mulsf3)
c:\program files\analog devices\gnu toolchain\2008r1.5\elf\bin\../bfin-elf/lib\libbffastfp.a(i32tof64.o)
                              printf.o (__floatsidf)
c:\program files\analog devices\gnu toolchain\2008r1.5\elf\bin\../bfin-elf/lib\libbffastfp.a(mulfl64.o)
                              printf.o (__muldf3)
c:\program files\analog devices\gnu toolchain\2008r1.5\elf\bin\../bfin-elf/lib\libbffastfp.a(subfl64.o)
                              printf.o (__subdf3)

Allocating common symbols
Common symbol       size              file

_systemTimeBase     0x4               systemTime.o
imgWidth            0x4               srv.o
_logicState         0x4               logic.o
_slideBuffer        0x1e0             logic.o
j                   0x4               srv.o
_startTime          0x4               logic.o
_videoBufPointer    0x4               camera.o
Y2                  0x80              jpeg.o
i                   0x4               srv.o
_imgHeigth          0x4               colors.o
blobcnt             0xfc              colors.o
_invertFlag         0x4               camera.o
move_stop_time      0x4               srv.o
Temp                0x80              jpeg.o
Cqt                 0x40              jpeg.o
ymax                0x44              colors.o
blobx1              0xfc              colors.o
_bufferIndexer      0x4               logic.o
Y3                  0x80              jpeg.o
base                0x8               malloc.o
_bufferBallCount    0xc               logic.o
Y4                  0x80              jpeg.o
umax                0x44              colors.o
ICqt                0x80              jpeg.o
_dlist2             0xc               camera.o
_videoBuffer        0x20              camera.o
hist0               0x400             colors.o
heap_end            0x4               malloc.o
move_start_time     0x4               srv.o
_dbgInfo            0x30              main.o
_imgHead            0x7               camera.o
output_start        0x4               srv.o
hist1               0x400             colors.o
_playSwitchState    0x4               srv.o
image_size          0x4               srv.o
ILqt                0x80              jpeg.o
heap_start          0x4               malloc.o
blobix              0xfc              colors.o
bloby2              0xfc              colors.o
mean                0xc               colors.o
vmax                0x44              colors.o
_playSwitchOnCount  0x4               srv.o
CR                  0x80              jpeg.o
overlay_flag        0x4               srv.o
_dlist1             0xc               camera.o
cp                  0x4               srv.o
Lqt                 0x40              jpeg.o
_debugInfo          0x4               srv.o
output_end          0x4               srv.o
CB                  0x80              jpeg.o
_processTime        0x4               srv.o
fdct_temp           0x80              jpeg.o
framecount          0x4               srv.o
_coreTimerCount     0x4               systemTime.o
_imgWidth           0x4               camera.o
vmin                0x44              colors.o
heap_ptr            0x4               malloc.o
_debugIndex         0x4               logic.o
bloby1              0xfc              colors.o
read_format         0x4               jpeg.o
imgHeight           0x4               srv.o
blobx2              0xfc              colors.o
_playSwitchOffCount
                    0x4               srv.o
move_time_mS        0x4               srv.o
_imgHeader          0xb               srv.o
_qualityFactor      0x4               jpeg.o
_imgHeight          0x4               camera.o
_slideBufferPointers
                    0xc               logic.o
ymin                0x44              colors.o
umin                0x44              colors.o
ix                  0x4               srv.o
Y1                  0x80              jpeg.o
robot_moving        0x4               srv.o

Memory Configuration

Name             Origin             Length             Attributes
ram              0x00000000         0x02000000         xrw
l1code           0xffa00000         0x00010000         x
l1data_a         0xff800000         0x00008000         rw
l1data_b         0xff904000         0x00004000         rw
scratchpad       0xffb00000         0x00001000         rw
*default*        0x00000000         0xffffffff

Linker script and memory map


.sdram.text
 camera.o(.sdram.text)
 i2c.o(.sdram.text)
 stm_m25p32.o(.sdram.text)
 printf.o(.sdram.text)
 *(.gnu.warning)

.l1code         0xffa00000     0x458c
 crt0.o(.text)
 .text          0xffa00000      0x178 crt0.o
                0xffa000fc                idle_loop
                0xffa00000                start
 main.o(.text)
 .text          0xffa00178       0x58 main.o
                0xffa00178                initializeModules
                0xffa001c0                main
 math.o(.text)
 .text          0xffa001d0      0x200 math.o
                0xffa0029c                __umodsi3
                0xffa002ce                __divsi3
                0xffa001d0                __udivsi3
 malloc.o(.text)
 .text          0xffa003d0      0x1a4 malloc.o
                0xffa004ac                morecore
                0xffa00424                free
                0xffa003d0                init_heap
                0xffa00410                sbrk
                0xffa004f0                malloc
 srv.o(.text)
 .text          0xffa00574      0xc6c srv.o
                0xffa00674                srv_getDistanceSensorResults
                0xffa009a4                process_i2c
                0xffa00914                srv_overlayOn
                0xffa00bb8                srv_sendRawYUV
                0xffa00c10                srv_sendRawYUVVideo
                0xffa00c48                serial_out_flashbuffer
                0xffa006bc                srv_isBlueGoalSelected
                0xffa01100                srv_relayOff
                0xffa00cb0                srv_sendFrame
                0xffa0110c                srv_relayOn
                0xffa01180                srv_initVariables
                0xffa00994                show_stack_ptr
                0xffa0097c                show_heap_ptr
                0xffa01118                initSwitches
                0xffa00b90                srv_changeImageQuality
                0xffa005a0                clear_sdram
                0xffa005c8                stack_remaining
                0xffa00860                setPWM
                0xffa01138                initDistanceSensors
                0xffa0092c                check_battery
                0xffa007f8                initRelay
                0xffa00954                serial_out_version
                0xffa0081c                initIrBeaconReceivers
                0xffa006dc                srv_getPlaySwitchState
                0xffa01170                srv_initRobotFunctions
                0xffa010e4                serial_out_time
                0xffa005d4                set_caption
                0xffa00574                reset_cpu
                0xffa01064                srv_grabProcessAndSendFrame
                0xffa008fc                srv_overlayOff
 uart.o(.text)
 .text          0xffa011e0      0x3c8 uart.o
                0xffa013b8                uart_uart1SendChar
                0xffa012a0                uart_uart1Init
                0xffa01394                uart0GetChar
                0xffa01354                uart0SendChars
                0xffa01578                uart_uart2SendBuffer
                0xffa0142c                uart_uart1GetCh
                0xffa01378                uart0GetCh
                0xffa013dc                uart_uart1SendString
                0xffa01328                uart0SendString
                0xffa01304                uart0SendChar
                0xffa0147c                uart_uart2ShiftBitOut
                0xffa01408                uart_uart1SendChars
                0xffa0127c                uart0_CTS
                0xffa011e0                waituntilNS
                0xffa01448                uart_uart1GetChar
                0xffa0152c                uart_uart2SetCharsToBuffer
                0xffa01580                uart_uart2Init
                0xffa01218                uart_uart0Init
                0xffa0146c                uart_uart1Signal
 colors.o(.text)
 .text          0xffa015a8     0x1c84 colors.o
                0xffa02ba8                colors_searchGolfBalls
                0xffa015bc                colors_vpix
                0xffa02400                colors_vscan
                0xffa031b4                colors_searchGoal
                0xffa01e6c                colors_edgeDetect
                0xffa01d8c                vfind
                0xffa02bac                singleLineScanForBallSearch
                0xffa02018                svs_segcode
                0xffa02950                multipleLineScanForBallSearch
                0xffa015f4                colors_vblob
                0xffa02550                addvect
                0xffa027c0                markGolfBall
                0xffa02674                addbox
                0xffa024b8                svs_segview
                0xffa031b8                colors_init
                0xffa02734                setPixel
                0xffa02d48                markGoal
                0xffa015a8                index
                0xffa02198                colors_vhorizon
                0xffa01a4c                colors_vhist
                0xffa02dd0                scanForGoalSearch
                0xffa01bd8                colors_segment
                0xffa025cc                addline
                0xffa01b14                colors_vmean
 jpeg.o(.text)
 .text          0xffa0322c      0xddc jpeg.o
                0xffa03e24                DCT
                0xffa0380c                close_bitstream
                0xffa03e38                encodeMCU
                0xffa03354                huffman
                0xffa03880                write_markers
                0xffa03aa0                initializeQuantizationTables
                0xffa03c70                read_422_format
                0xffa0322c                initialization
                0xffa03334                levelshift
                0xffa03f34                jpeg_encodeImage
                0xffa03304                jpeg_setQualityFactor
                0xffa03ba0                quantization
                0xffa03bf0                read_400_format
 r8x8dct.o(.text)
 .text          0xffa04008       0xf0 r8x8dct.o
                0xffa04008                _r8x8dct
 uart.o(.text)
 setjmp.o(.text)
 .text          0xffa040f8      0x184 setjmp.o
                0xffa040f8                longjmp
                0xffa041c0                setjmp
 io.o(.text)
 .text          0xffa0427c      0x310 io.o
                0xffa04430                io_togglePortPin
                0xffa04400                io_LED2Set
                0xffa04504                INTERRUPT_ballSensor
                0xffa04498                io_clearPortPin
                0xffa04410                io_LED2Clear
                0xffa04420                io_LED2Toggle
                0xffa04464                io_setPortPin
                0xffa04374                io_getBallSensorCount
                0xffa043bc                io_disableBallSensorInterrupt
                0xffa044cc                io_getPortPinValue
                0xffa0427c                io_initPeriphery
                0xffa0439c                io_enableBallSensorInterrupt
                0xffa043d0                io_LED1Set
                0xffa043e0                io_LED1Clear
                0xffa043f0                io_LED1Toggle
                0xffa04294                io_initGpioPin

.text           0x00000000     0x3d38
 .text          0x00000000      0x598 camera.o
                0x00000184                camera_getImageHeader
                0x00000328                camera_reset
                0x000000d0                moveInvertedImage
                0x000002e8                camera_invertVideo
                0x000000a8                moveImage
                0x000002a8                camera_restoreVideo
                0x00000000                initializeHW
                0x00000168                camera_getFrameSize
                0x0000020c                camera_grabVideo
                0x00000120                camera_run
                0x00000144                camera_stop
                0x0000019c                camera_grabFrame
                0x000004d0                camera_setup
 .text          0x00000598      0x388 i2c.o
                0x00000598                i2c_write
                0x00000730                i2c_read
                0x00000828                i2c_slowRead
                0x00000668                i2c_writeX
 .text          0x00000920      0x4d4 stm_m25p32.o
                0x000009fc                SetupSPI
                0x00000abc                spi_read
                0x00000b54                Wait_For_WEL
                0x000009dc                SPI_OFF
                0x00000bbc                WriteFlash
                0x00000d28                spi_write
                0x0000092c                spi_init_r
                0x00000cac                EraseBlock
                0x00000b1c                Wait_For_Status
                0x00000978                GetSectorNumber
                0x00000c58                WriteData
                0x00000920                spi_init_f
                0x00000ad8                ReadStatusRegister
                0x00000b88                SendSingleCommand
                0x00000a2c                ReadData
                0x00000938                Wait_For_SPIF
                0x000009a0                udelay
 .text          0x00000df4      0x5d4 printf.o
                0x00001390                sprintf
                0x00000df4                my_strlen
                0x00000e1c                dbl2stri
                0x000013ac                printf
 .text          0x000013c8       0xd0 init.o
                0x000013c8                initcode
 .text          0x00001498      0x52c logic.o
                0x0000158c                attack
                0x000019b4                logic_handleLogic
                0x000014ac                directionCalc
                0x00001528                getStateAccordingToOpponentGoalPosition
                0x00001544                getStateAccordingToOwnGoalPosition
                0x00001498                moveToPreviousDataInHistory
                0x0000155c                setDebugData
                0x000017cc                traceBall
                0x00001768                logic_init
 .text          0x000019c4      0x72c string.o
                0x000019c4                strcmp
                0x00001cf0                atoi_b10
                0x00001c10                memcpy2
                0x00001d08                atof
                0x00001a40                strncpy
                0x00001a78                atoi
                0x00001bf4                memcpy
                0x00001c34                memset
                0x00001f20                strtoksafe
                0x00001c88                ctoi
                0x00001b5c                itoa
                0x000020c8                strdup
                0x00001b24                reverse
                0x00001e78                strpbrk
                0x000020a8                getUnaligned32
                0x00001fd4                strnstr
                0x00001a18                strchr
                0x00001a30                strcpy
                0x00001eb0                strtok
                0x000019e4                strncmp
                0x00001be8                isdigit
                0x00001b04                strlen
                0x00001ca0                atoi_b16
                0x00001c48                memmove
                0x00002038                strReplace
                0x00001f84                strstr
 .text          0x000020f0      0x4f8 sdcard.o
                0x0000229c                GetCardParams
                0x00002134                CloseSD
                0x000024c0                ReadMultipleBlocks
                0x0000237c                EraseBlocks
                0x00002558                WriteMultipleBlocks
                0x000020f0                InitSD
                0x00002218                GetToken
                0x000023d4                WriteSector
                0x00002254                CardInit
                0x00002458                ReadSector
                0x00002194                SendCommand
                0x00002144                WriteByte
 .text          0x000025e8      0x14c motion.o
                0x000026f0                motion_moveStraight
                0x000025e8                motion_moveXY
                0x00002668                motion_moveSideBackward
                0x0000265c                motion_stop
                0x000026ac                motion_moveSideForward
                0x000025f4                sendMotion
                0x0000261c                motion_drift
 .text          0x00002734      0x748 timer.o
                0x00002740                timer_configureTimer
                0x00002a58                disableTimerInterrupt
                0x00002c7c                timer_enableTimer
                0x00002734                timer_init
                0x00002afc                timer_disableTimer
                0x00002d80                INTERRUPT_timer
                0x00002bd8                enableTimerInterrupt
                0x0000289c                timer_setTimerWidth
                0x00002910                timer_configureTimerInterrupt
                0x00002d58                timer_getTimerWidth
 .text          0x00002e7c      0x120 soccer.o
                0x00002e88                doIdleTime
                0x00002e7c                soccer_init
                0x00002e94                soccer_run
 .text          0x00002f9c      0x1e4 remoteControl.o
                0x00002fbc                remoteControl_run
                0x00002fac                remoteControl_setPlayCommandState
                0x00002f9c                remoteControl_getPlayCommandState
 .text          0x00003180      0x38c systemTime.o
                0x00003180                initializeRTC
                0x0000322c                INTERRUPT_coreTimer
                0x000033fc                systemTime_checkMainLoopDuration
                0x00003308                systemTime_delayUS
                0x000032c4                systemTime_clearRTC
                0x000033ec                systemTime_getSystemTimeBase
                0x000034e0                systemTime_init
                0x00003208                getCoreTimerValue
                0x000031a0                initializeCoreTimer
                0x000032d4                systemTime_delayMs
                0x00003250                systemTime_readRTC
                0x00003378                systemTime_delayNS
 .text          0x0000350c      0x2b0 c:\program files\analog devices\gnu toolchain\2008r1.5\elf\bin\../bfin-elf/lib\libbffastfp.a(addfl64.o)
                0x0000350e                __adddf3_inregs
                0x0000350c                __adddf3
 .text          0x000037bc       0x80 c:\program files\analog devices\gnu toolchain\2008r1.5\elf\bin\../bfin-elf/lib\libbffastfp.a(cmpfl64.o)
                0x000037bc                __ledf2
                0x000037bc                __nedf2
                0x000037bc                __gedf2
                0x000037bc                __gtdf2
                0x000037bc                __eqdf2
                0x000037bc                __cmpdf2
                0x000037bc                __ltdf2
 .text          0x0000383c       0x44 c:\program files\analog devices\gnu toolchain\2008r1.5\elf\bin\../bfin-elf/lib\libbffastfp.a(f32tof64.o)
                0x0000383c                __extendsfdf2
 .text          0x00003880       0x80 c:\program files\analog devices\gnu toolchain\2008r1.5\elf\bin\../bfin-elf/lib\libbffastfp.a(f64tof32.o)
                0x00003880                __truncdfsf2
 .text          0x00003900       0x74 c:\program files\analog devices\gnu toolchain\2008r1.5\elf\bin\../bfin-elf/lib\libbffastfp.a(f64toi32z.o)
                0x00003900                __fixdfsi
 .text          0x00003974      0x130 c:\program files\analog devices\gnu toolchain\2008r1.5\elf\bin\../bfin-elf/lib\libbffastfp.a(fpmult.o)
                0x00003974                __mulsf3
 .text          0x00003aa4       0x3c c:\program files\analog devices\gnu toolchain\2008r1.5\elf\bin\../bfin-elf/lib\libbffastfp.a(i32tof64.o)
                0x00003aa4                __floatsidf
 .text          0x00003ae0      0x250 c:\program files\analog devices\gnu toolchain\2008r1.5\elf\bin\../bfin-elf/lib\libbffastfp.a(mulfl64.o)
                0x00003ae0                __muldf3
 .text          0x00003d30        0x8 c:\program files\analog devices\gnu toolchain\2008r1.5\elf\bin\../bfin-elf/lib\libbffastfp.a(subfl64.o)
                0x00003d30                __subdf3

.l1data         0xff800000     0x1360
 *(.data)
 .data          0xff800000      0x610 camera.o
 .data          0xff800610        0x0 i2c.o
 .data          0xff800610        0x0 stm_m25p32.o
 .data          0xff800610        0x0 printf.o
 .data          0xff800610        0x0 crt0.o
 .data          0xff800610        0x0 main.o
 .data          0xff800610        0x0 math.o
 .data          0xff800610        0x0 malloc.o
 .data          0xff800610      0x458 srv.o
                0xff800a18                version_string
                0xff800618                font8x8
                0xff800610                fontmask
                0xff800a48                frame
 .data          0xff800a68        0x0 uart.o
 .data          0xff800a68        0x0 colors.o
 .data          0xff800a68      0x8f0 jpeg.o
                0xff801298                zigzag_table
                0xff800ac0                chrominance_dc_size_table
                0xff800d60                chrominance_ac_code_table
                0xff800c1c                luminance_ac_size_table
                0xff800ad8                luminance_ac_code_table
                0xff800a90                luminance_dc_size_table
                0xff800aa8                chrominance_dc_code_table
                0xff8012d8                luminance_quant_table
                0xff8010e8                markerdata
                0xff800a78                luminance_dc_code_table
                0xff800a68                fdct_coeff
                0xff801318                chrominance_quant_table
                0xff800fe8                bitsize
                0xff800ea4                chrominance_ac_size_table
 .data          0xff801358        0x0 r8x8dct.o
 .data          0xff801358        0x0 setjmp.o
 .data          0xff801358        0x0 io.o
 .data          0xff801358        0x0 init.o
 .data          0xff801358        0x4 logic.o
 .data          0xff80135c        0x0 string.o
 .data          0xff80135c        0x0 sdcard.o
 .data          0xff80135c        0x0 motion.o
 .data          0xff80135c        0x0 timer.o
 .data          0xff80135c        0x0 soccer.o
 .data          0xff80135c        0x4 remoteControl.o
                0xff80135c                playCommand
 .data          0xff801360        0x0 systemTime.o
 .data          0xff801360        0x0 c:\program files\analog devices\gnu toolchain\2008r1.5\elf\bin\../bfin-elf/lib\libbffastfp.a(addfl64.o)
 .data          0xff801360        0x0 c:\program files\analog devices\gnu toolchain\2008r1.5\elf\bin\../bfin-elf/lib\libbffastfp.a(cmpfl64.o)
 .data          0xff801360        0x0 c:\program files\analog devices\gnu toolchain\2008r1.5\elf\bin\../bfin-elf/lib\libbffastfp.a(f32tof64.o)
 .data          0xff801360        0x0 c:\program files\analog devices\gnu toolchain\2008r1.5\elf\bin\../bfin-elf/lib\libbffastfp.a(f64tof32.o)
 .data          0xff801360        0x0 c:\program files\analog devices\gnu toolchain\2008r1.5\elf\bin\../bfin-elf/lib\libbffastfp.a(f64toi32z.o)
 .data          0xff801360        0x0 c:\program files\analog devices\gnu toolchain\2008r1.5\elf\bin\../bfin-elf/lib\libbffastfp.a(fpmult.o)
 .data          0xff801360        0x0 c:\program files\analog devices\gnu toolchain\2008r1.5\elf\bin\../bfin-elf/lib\libbffastfp.a(i32tof64.o)
 .data          0xff801360        0x0 c:\program files\analog devices\gnu toolchain\2008r1.5\elf\bin\../bfin-elf/lib\libbffastfp.a(mulfl64.o)
 .data          0xff801360        0x0 c:\program files\analog devices\gnu toolchain\2008r1.5\elf\bin\../bfin-elf/lib\libbffastfp.a(subfl64.o)
 *(.l1data)
 *(.l1data.a)

.l1data.b
 *(.l1data.b)

.rodata         0xff801360      0x504
 *(.rodata .rodata.* .gnu.linkonce.r.*)
 .rodata.str1.4
                0xff801360       0x1f camera.o
                                 0x20 (size before relaxing)
 *fill*         0xff80137f        0x1 00
 .rodata.str1.4
                0xff801380        0x7 printf.o
                                  0x8 (size before relaxing)
 *fill*         0xff801387        0x1 00
 .rodata        0xff801388       0x84 printf.o
 .rodata.str1.4
                0xff80140c      0x10e srv.o
                                0x114 (size before relaxing)
 *fill*         0xff80151a        0x2 00
 .rodata        0xff80151c       0xac srv.o
 .rodata        0xff8015c8       0x28 logic.o
 .rodata        0xff8015f0       0xe0 timer.o
 .rodata.str1.4
                0xff8016d0       0x24 soccer.o
 .rodata.str1.4
                0xff8016f4       0x14 remoteControl.o
 .rodata        0xff801708      0x15c remoteControl.o

.data
 *(.data .data.* .gnu.linkonce.d.*)

.ctors
 *crtbegin*.o(.ctors)
 *(EXCLUDE_FILE(*crtend*.o) .ctors)
 *(SORT(.ctors.*))
 *(.ctors)

.dtors
 *crtbegin*.o(.dtors)
 *(EXCLUDE_FILE(*crtend*.o) .dtors)
 *(SORT(.dtors.*))
 *(.dtors)

.sdram.bss      0x00003d38        0x0
                0x00003d38                __sdram_bss_start = .
 *(.bss.sdram)
                0x00003d38                . = ALIGN (0x4)
                0x00003d38                __sdram_bss_end = .

.bss            0xff904000     0x19a4
                0xff904000                __bss_start = .
 *(.dynbss)
 *(.bss .bss.* .gnu.linkonce.b.*)
 .bss           0xff904000        0x0 camera.o
 .bss           0xff904000        0x0 i2c.o
 .bss           0xff904000        0x0 stm_m25p32.o
 .bss           0xff904000       0x54 printf.o
 .bss           0xff904054        0x0 crt0.o
 .bss           0xff904054        0x0 main.o
 .bss           0xff904054        0x0 math.o
 .bss           0xff904054        0x4 malloc.o
                0xff904054                allocp
 .bss           0xff904058        0x0 srv.o
 .bss           0xff904058       0x30 uart.o
                0xff904058                _uart2Chars
                0xff904084                _uart2ShiftCount
                0xff904080                _uart2ByteCount
 .bss           0xff904088       0x50 colors.o
 .bss           0xff9040d8        0x8 jpeg.o
                0xff9040d8                lcode
                0xff9040dc                bitindex
 .bss           0xff9040e0        0x0 r8x8dct.o
 .bss           0xff9040e0        0x0 setjmp.o
 .bss           0xff9040e0        0x4 io.o
                0xff9040e0                _ballSensorCount
 .bss           0xff9040e4        0x0 init.o
 .bss           0xff9040e4       0x70 logic.o
 .bss           0xff904154        0x4 string.o
 .bss           0xff904158        0x0 sdcard.o
 .bss           0xff904158        0x0 motion.o
 .bss           0xff904158       0x20 timer.o
                0xff904158                _timerPwmWidths
 .bss           0xff904178        0x8 soccer.o
                0xff904178                _executionTime
                0xff90417c                _timeStamp
 .bss           0xff904180        0x0 remoteControl.o
 .bss           0xff904180        0xc systemTime.o
 .bss           0xff90418c        0x0 c:\program files\analog devices\gnu toolchain\2008r1.5\elf\bin\../bfin-elf/lib\libbffastfp.a(addfl64.o)
 .bss           0xff90418c        0x0 c:\program files\analog devices\gnu toolchain\2008r1.5\elf\bin\../bfin-elf/lib\libbffastfp.a(cmpfl64.o)
 .bss           0xff90418c        0x0 c:\program files\analog devices\gnu toolchain\2008r1.5\elf\bin\../bfin-elf/lib\libbffastfp.a(f32tof64.o)
 .bss           0xff90418c        0x0 c:\program files\analog devices\gnu toolchain\2008r1.5\elf\bin\../bfin-elf/lib\libbffastfp.a(f64tof32.o)
 .bss           0xff90418c        0x0 c:\program files\analog devices\gnu toolchain\2008r1.5\elf\bin\../bfin-elf/lib\libbffastfp.a(f64toi32z.o)
 .bss           0xff90418c        0x0 c:\program files\analog devices\gnu toolchain\2008r1.5\elf\bin\../bfin-elf/lib\libbffastfp.a(fpmult.o)
 .bss           0xff90418c        0x0 c:\program files\analog devices\gnu toolchain\2008r1.5\elf\bin\../bfin-elf/lib\libbffastfp.a(i32tof64.o)
 .bss           0xff90418c        0x0 c:\program files\analog devices\gnu toolchain\2008r1.5\elf\bin\../bfin-elf/lib\libbffastfp.a(mulfl64.o)
 .bss           0xff90418c        0x0 c:\program files\analog devices\gnu toolchain\2008r1.5\elf\bin\../bfin-elf/lib\libbffastfp.a(subfl64.o)
 *(COMMON)
 COMMON         0xff90418c       0x50 camera.o
                0xff90418c                _videoBufPointer
                0xff904190                _invertFlag
                0xff904194                _dlist2
                0xff9041a0                _videoBuffer
                0xff9041c0                _imgHead
                0xff9041c8                _dlist1
                0xff9041d4                _imgWidth
                0xff9041d8                _imgHeight
 COMMON         0xff9041dc       0x30 main.o
                0xff9041dc                _dbgInfo
 COMMON         0xff90420c       0x14 malloc.o
                0xff90420c                base
                0xff904214                heap_end
                0xff904218                heap_start
                0xff90421c                heap_ptr
 COMMON         0xff904220       0x5c srv.o
                0xff904220                imgWidth
                0xff904224                j
                0xff904228                i
                0xff90422c                move_stop_time
                0xff904230                move_start_time
                0xff904234                output_start
                0xff904238                _playSwitchState
                0xff90423c                image_size
                0xff904240                _playSwitchOnCount
                0xff904244                overlay_flag
                0xff904248                cp
                0xff90424c                _debugInfo
                0xff904250                output_end
                0xff904254                _processTime
                0xff904258                framecount
                0xff90425c                imgHeight
                0xff904260                _playSwitchOffCount
                0xff904264                move_time_mS
                0xff904268                _imgHeader
                0xff904274                ix
                0xff904278                robot_moving
 COMMON         0xff90427c      0xf90 colors.o
                0xff90427c                _imgHeigth
                0xff904280                blobcnt
                0xff90437c                ymax
                0xff9043c0                blobx1
                0xff9044bc                umax
                0xff904500                hist0
                0xff904900                hist1
                0xff904d00                blobix
                0xff904dfc                bloby2
                0xff904ef8                mean
                0xff904f04                vmax
                0xff904f48                vmin
                0xff904f8c                bloby1
                0xff905088                blobx2
                0xff905184                ymin
                0xff9051c8                umin
 COMMON         0xff90520c      0x588 jpeg.o
                0xff90520c                Y2
                0xff90528c                Temp
                0xff90530c                Cqt
                0xff90534c                Y3
                0xff9053cc                Y4
                0xff90544c                ICqt
                0xff9054cc                ILqt
                0xff90554c                CR
                0xff9055cc                Lqt
                0xff90560c                CB
                0xff90568c                fdct_temp
                0xff90570c                read_format
                0xff905710                _qualityFactor
                0xff905714                Y1
 COMMON         0xff905794      0x208 logic.o
                0xff905794                _logicState
                0xff905798                _slideBuffer
                0xff905978                _startTime
                0xff90597c                _bufferIndexer
                0xff905980                _bufferBallCount
                0xff90598c                _debugIndex
                0xff905990                _slideBufferPointers
 COMMON         0xff90599c        0x8 systemTime.o
                0xff90599c                _systemTimeBase
                0xff9059a0                _coreTimerCount
                0xff9059a4                . = ALIGN (0x4)
                0xff9059a4                __bss_end = .
                0xff903ffc                . = 0xff903ffc
                0xff903ffc                PROVIDE (_supervisor_stack, .)
LOAD main.o
LOAD init.o
LOAD srv.o
LOAD uart.o
LOAD camera.o
LOAD jpeg.o
LOAD i2c.o
LOAD stm_m25p32.o
LOAD logic.o
LOAD colors.o
LOAD malloc.o
LOAD string.o
LOAD printf.o
LOAD sdcard.o
LOAD motion.o
LOAD io.o
LOAD timer.o
LOAD soccer.o
LOAD remoteControl.o
LOAD systemTime.o
LOAD r8x8dct.o
LOAD math.o
LOAD setjmp.o
LOAD crt0.o
LOAD c:\program files\analog devices\gnu toolchain\2008r1.5\elf\bin\../bfin-elf/lib\libbffastfp.a
OUTPUT(srv1.bin elf32-bfin)

.debug_abbrev   0x00000000     0x1b3f
 .debug_abbrev  0x00000000      0x1d1 camera.o
 .debug_abbrev  0x000001d1       0x8a i2c.o
 .debug_abbrev  0x0000025b      0x1d8 stm_m25p32.o
 .debug_abbrev  0x00000433      0x1d3 printf.o
 .debug_abbrev  0x00000606       0xb1 main.o
 .debug_abbrev  0x000006b7      0x14c malloc.o
 .debug_abbrev  0x00000803      0x284 srv.o
 .debug_abbrev  0x00000a87      0x136 uart.o
 .debug_abbrev  0x00000bbd      0x25e colors.o
 .debug_abbrev  0x00000e1b      0x19b jpeg.o
 .debug_abbrev  0x00000fb6      0x162 io.o
 .debug_abbrev  0x00001118       0x45 init.o
 .debug_abbrev  0x0000115d      0x1fe logic.o
 .debug_abbrev  0x0000135b      0x222 string.o
 .debug_abbrev  0x0000157d       0xf3 sdcard.o
 .debug_abbrev  0x00001670       0xdd motion.o
 .debug_abbrev  0x0000174d      0x114 timer.o
 .debug_abbrev  0x00001861       0xf6 soccer.o
 .debug_abbrev  0x00001957       0xb6 remoteControl.o
 .debug_abbrev  0x00001a0d      0x132 systemTime.o

.debug_info     0x00000000     0x5fa2
 .debug_info    0x00000000      0x5ec camera.o
 .debug_info    0x000005ec      0x1b5 i2c.o
 .debug_info    0x000007a1      0x604 stm_m25p32.o
 .debug_info    0x00000da5      0x4de printf.o
 .debug_info    0x00001283       0xc7 main.o
 .debug_info    0x0000134a      0x23a malloc.o
 .debug_info    0x00001584      0x89c srv.o
 .debug_info    0x00001e20      0x3c8 uart.o
 .debug_info    0x000021e8     0x130d colors.o
 .debug_info    0x000034f5      0xb25 jpeg.o
 .debug_info    0x0000401a      0x263 io.o
 .debug_info    0x0000427d       0x64 init.o
 .debug_info    0x000042e1      0x5ba logic.o
 .debug_info    0x0000489b      0x8e9 string.o
 .debug_info    0x00005184      0x391 sdcard.o
 .debug_info    0x00005515      0x294 motion.o
 .debug_info    0x000057a9      0x2ce timer.o
 .debug_info    0x00005a77      0x1e4 soccer.o
 .debug_info    0x00005c5b      0x107 remoteControl.o
 .debug_info    0x00005d62      0x240 systemTime.o

.debug_line     0x00000000     0x1e31
 .debug_line    0x00000000      0x16e camera.o
 .debug_line    0x0000016e       0xd2 i2c.o
 .debug_line    0x00000240      0x1ac stm_m25p32.o
 .debug_line    0x000003ec      0x1a1 printf.o
 .debug_line    0x0000058d       0x5c main.o
 .debug_line    0x000005e9       0xa6 malloc.o
 .debug_line    0x0000068f      0x299 srv.o
 .debug_line    0x00000928       0xf1 uart.o
 .debug_line    0x00000a19      0x63c colors.o
 .debug_line    0x00001055      0x323 jpeg.o
 .debug_line    0x00001378       0xce io.o
 .debug_line    0x00001446       0x53 init.o
 .debug_line    0x00001499      0x1c5 logic.o
 .debug_line    0x0000165e      0x1eb string.o
 .debug_line    0x00001849      0x10b sdcard.o
 .debug_line    0x00001954       0xa5 motion.o
 .debug_line    0x000019f9      0x234 timer.o
 .debug_line    0x00001c2d       0x82 soccer.o
 .debug_line    0x00001caf       0xb3 remoteControl.o
 .debug_line    0x00001d62       0xcf systemTime.o

.debug_frame    0x00000000     0x1b18
 .debug_frame   0x00000000      0x164 camera.o
 .debug_frame   0x00000164       0x50 i2c.o
 .debug_frame   0x000001b4      0x214 stm_m25p32.o
 .debug_frame   0x000003c8      0x110 printf.o
 .debug_frame   0x000004d8       0x40 main.o
 .debug_frame   0x00000518       0x94 malloc.o
 .debug_frame   0x000005ac      0x32c srv.o
 .debug_frame   0x000008d8      0x1c8 uart.o
 .debug_frame   0x00000aa0      0x3c0 colors.o
 .debug_frame   0x00000e60      0x1c4 jpeg.o
 .debug_frame   0x00001024      0x19c io.o
 .debug_frame   0x000011c0       0xa4 init.o
 .debug_frame   0x00001264       0xe4 logic.o
 .debug_frame   0x00001348      0x268 string.o
 .debug_frame   0x000015b0      0x1a8 sdcard.o
 .debug_frame   0x00001758       0x88 motion.o
 .debug_frame   0x000017e0      0x160 timer.o
 .debug_frame   0x00001940       0x5c soccer.o
 .debug_frame   0x0000199c       0x58 remoteControl.o
 .debug_frame   0x000019f4      0x124 systemTime.o

.debug_loc      0x00000000     0x860f
 .debug_loc     0x00000000      0x389 camera.o
 .debug_loc     0x00000389      0x2fc i2c.o
 .debug_loc     0x00000685      0x89e stm_m25p32.o
 .debug_loc     0x00000f23      0xaef printf.o
 .debug_loc     0x00001a12       0x6e main.o
 .debug_loc     0x00001a80      0x1e1 malloc.o
 .debug_loc     0x00001c61      0x7ae srv.o
 .debug_loc     0x0000240f      0x47a uart.o
 .debug_loc     0x00002889     0x1deb colors.o
 .debug_loc     0x00004674     0x1506 jpeg.o
 .debug_loc     0x00005b7a      0x28b io.o
 .debug_loc     0x00005e05      0x122 init.o
 .debug_loc     0x00005f27      0x990 logic.o
 .debug_loc     0x000068b7      0xd8a string.o
 .debug_loc     0x00007641      0x6cb sdcard.o
 .debug_loc     0x00007d0c      0x244 motion.o
 .debug_loc     0x00007f50      0x3b4 timer.o
 .debug_loc     0x00008304       0x54 soccer.o
 .debug_loc     0x00008358       0xce remoteControl.o
 .debug_loc     0x00008426      0x1e9 systemTime.o

.debug_pubnames
                0x00000000     0x1874
 .debug_pubnames
                0x00000000      0x18b camera.o
 .debug_pubnames
                0x0000018b       0x4d i2c.o
 .debug_pubnames
                0x000001d8      0x120 stm_m25p32.o
 .debug_pubnames
                0x000002f8       0x44 printf.o
 .debug_pubnames
                0x0000033c       0x3e main.o
 .debug_pubnames
                0x0000037a       0x87 malloc.o
 .debug_pubnames
                0x00000401      0x3f9 srv.o
 .debug_pubnames
                0x000007fa      0x1d4 uart.o
 .debug_pubnames
                0x000009ce      0x271 colors.o
 .debug_pubnames
                0x00000c3f      0x2fb jpeg.o
 .debug_pubnames
                0x00000f3a      0x17b io.o
 .debug_pubnames
                0x000010b5       0x1f init.o
 .debug_pubnames
                0x000010d4      0x174 logic.o
 .debug_pubnames
                0x00001248      0x144 string.o
 .debug_pubnames
                0x0000138c       0xd1 sdcard.o
 .debug_pubnames
                0x0000145d       0xa3 motion.o
 .debug_pubnames
                0x00001500      0x121 timer.o
 .debug_pubnames
                0x00001621       0x6f soccer.o
 .debug_pubnames
                0x00001690       0x84 remoteControl.o
 .debug_pubnames
                0x00001714      0x160 systemTime.o

.debug_aranges  0x00000000      0x280
 .debug_aranges
                0x00000000       0x20 camera.o
 .debug_aranges
                0x00000020       0x20 i2c.o
 .debug_aranges
                0x00000040       0x20 stm_m25p32.o
 .debug_aranges
                0x00000060       0x20 printf.o
 .debug_aranges
                0x00000080       0x20 main.o
 .debug_aranges
                0x000000a0       0x20 malloc.o
 .debug_aranges
                0x000000c0       0x20 srv.o
 .debug_aranges
                0x000000e0       0x20 uart.o
 .debug_aranges
                0x00000100       0x20 colors.o
 .debug_aranges
                0x00000120       0x20 jpeg.o
 .debug_aranges
                0x00000140       0x20 io.o
 .debug_aranges
                0x00000160       0x20 init.o
 .debug_aranges
                0x00000180       0x20 logic.o
 .debug_aranges
                0x000001a0       0x20 string.o
 .debug_aranges
                0x000001c0       0x20 sdcard.o
 .debug_aranges
                0x000001e0       0x20 motion.o
 .debug_aranges
                0x00000200       0x20 timer.o
 .debug_aranges
                0x00000220       0x20 soccer.o
 .debug_aranges
                0x00000240       0x20 remoteControl.o
 .debug_aranges
                0x00000260       0x20 systemTime.o

.debug_str      0x00000000     0x1e2a
 .debug_str     0x00000000      0x2bd camera.o
                                0x2dc (size before relaxing)
 .debug_str     0x000002bd       0x65 i2c.o
                                 0xcd (size before relaxing)
 .debug_str     0x00000322      0x25c stm_m25p32.o
                                0x314 (size before relaxing)
 .debug_str     0x0000057e       0xd5 printf.o
                                0x160 (size before relaxing)
 .debug_str     0x00000653       0x27 main.o
                                 0xa7 (size before relaxing)
 .debug_str     0x0000067a       0x63 malloc.o
                                 0xd6 (size before relaxing)
 .debug_str     0x000006dd      0x385 srv.o
                                0x498 (size before relaxing)
 .debug_str     0x00000a62      0x1ab uart.o
                                0x23c (size before relaxing)
 .debug_str     0x00000c0d      0x33f colors.o
                                0x463 (size before relaxing)
 .debug_str     0x00000f4c      0x45c jpeg.o
                                0x533 (size before relaxing)
 .debug_str     0x000013a8      0x137 io.o
                                0x197 (size before relaxing)
 .debug_str     0x000014df       0x43 init.o
                                 0x8a (size before relaxing)
 .debug_str     0x00001522      0x253 logic.o
                                0x31a (size before relaxing)
 .debug_str     0x00001775      0x147 string.o
                                0x1db (size before relaxing)
 .debug_str     0x000018bc       0xd9 sdcard.o
                                0x145 (size before relaxing)
 .debug_str     0x00001995       0xe0 motion.o
                                0x14c (size before relaxing)
 .debug_str     0x00001a75      0x14c timer.o
                                0x1ee (size before relaxing)
 .debug_str     0x00001bc1       0x86 soccer.o
                                0x14a (size before relaxing)
 .debug_str     0x00001c47       0x95 remoteControl.o
                                0x107 (size before relaxing)
 .debug_str     0x00001cdc      0x14e systemTime.o
                                0x1bb (size before relaxing)

.comment        0x00000000      0x230
 .comment       0x00000000       0x1c camera.o
 .comment       0x0000001c       0x1c i2c.o
 .comment       0x00000038       0x1c stm_m25p32.o
 .comment       0x00000054       0x1c printf.o
 .comment       0x00000070       0x1c main.o
 .comment       0x0000008c       0x1c malloc.o
 .comment       0x000000a8       0x1c srv.o
 .comment       0x000000c4       0x1c uart.o
 .comment       0x000000e0       0x1c colors.o
 .comment       0x000000fc       0x1c jpeg.o
 .comment       0x00000118       0x1c io.o
 .comment       0x00000134       0x1c init.o
 .comment       0x00000150       0x1c logic.o
 .comment       0x0000016c       0x1c string.o
 .comment       0x00000188       0x1c sdcard.o
 .comment       0x000001a4       0x1c motion.o
 .comment       0x000001c0       0x1c timer.o
 .comment       0x000001dc       0x1c soccer.o
 .comment       0x000001f8       0x1c remoteControl.o
 .comment       0x00000214       0x1c systemTime.o

.debug_ranges   0x00000000       0xd8
 .debug_ranges  0x00000000       0x28 printf.o
 .debug_ranges  0x00000028       0x38 init.o
 .debug_ranges  0x00000060       0x78 string.o
